#                                                                       --- full sequence ---- --- best 1 domain ---- --- domain number estimation ----
# target name             accession  query name              accession    E-value  score  bias   E-value  score  bias   exp reg clu  ov env dom rep inc description of target
#     ------------------- ----------    -------------------- ---------- --------- ------ ----- --------- ------ -----   --- --- --- --- --- --- --- --- ---------------------
sp|Q868Z9|PPN_DROME       -          pdb_kunitz_rp_formatted -             2e-199  641.8 179.4     5e-20   67.3   6.1  13.9  13   1   1  14  14  12  12 Papilin OS=Drosophila melanogaster OX=7227 GN=Ppn PE=1 SV=2
sp|A0A6P8HC43|ATPI1_ACTTE -          pdb_kunitz_rp_formatted -            1.3e-97  315.7  64.8   1.1e-26   88.6   9.9   4.1   4   0   0   4   4   4   4 Actinia tenebrosa protease inhibitors OS=Actinia tenebrosa OX=6105 PE=1 SV=1
sp|P10646|TFPI1_HUMAN     -          pdb_kunitz_rp_formatted -            1.1e-71  232.8  40.3   1.2e-26   88.5   7.4   3.2   3   0   0   3   3   3   3 Tissue factor pathway inhibitor OS=Homo sapiens OX=9606 GN=TFPI PE=1 SV=1
sp|P84875|PCPI_SABMA      -          pdb_kunitz_rp_formatted -            5.2e-66  214.6  36.3   2.5e-23   77.9   6.4   3.0   2   1   1   3   3   3   3 Carboxypeptidase inhibitor SmCI OS=Sabellastarte magnifica OX=389514 PE=1 SV=1
sp|P83606|BMTI6_RHIMP     -          pdb_kunitz_rp_formatted -            2.1e-63  206.2  42.3     2e-22   75.0   8.6   3.1   3   0   0   3   3   3   3 Kunitz-type serine protease inhibitor 6 (Fragment) OS=Rhipicephalus microplus OX=6941 PE=1 SV=2
sp|P86733|KCP_HALAI       -          pdb_kunitz_rp_formatted -            1.2e-49  162.2  20.6   1.9e-25   84.7   6.0   2.0   2   0   0   2   2   2   2 BPTI/Kunitz domain-containing protein (Fragment) OS=Haliotis asinina OX=109174 PE=1 SV=1
sp|Q6T269|VKT3_BITGA      -          pdb_kunitz_rp_formatted -            7.4e-47  153.2  27.1   3.4e-24   80.6   9.5   3.0   1   1   2   3   3   3   2 Kunitz-type serine protease inhibitor bitisilin-3 (Fragment) OS=Bitis gabonica OX=8694 PE=2 SV=1
sp|Q8WPI2|KUNIH_RHIMP     -          pdb_kunitz_rp_formatted -            9.6e-47  152.9  22.8   4.3e-26   86.7   7.5   2.1   2   0   0   2   2   2   2 Boophilin-H2 OS=Rhipicephalus microplus OX=6941 PE=1 SV=1
sp|O43291|SPIT2_HUMAN     -          pdb_kunitz_rp_formatted -            9.7e-46  149.6  19.6   2.8e-26   87.3   1.5   2.1   2   0   0   2   2   2   2 Kunitz-type protease inhibitor 2 OS=Homo sapiens OX=9606 GN=SPINT2 PE=1 SV=2
sp|C0HMC7|KUN_HAEDO       -          pdb_kunitz_rp_formatted -            3.4e-45  147.9  25.4   6.8e-27   89.3   7.5   2.1   2   0   0   2   2   2   2 Doenitin-1 OS=Haemaphysalis doenitzi OX=1048531 PE=2 SV=1
sp|P02760|AMBP_HUMAN      -          pdb_kunitz_rp_formatted -            1.7e-40  132.9  19.3   1.2e-22   75.7   3.9   2.3   1   1   1   2   2   2   2 Protein AMBP OS=Homo sapiens OX=9606 GN=AMBP PE=1 SV=1
sp|Q9R097|SPIT1_MOUSE     -          pdb_kunitz_rp_formatted -            3.3e-40  131.9  25.1   6.6e-22   73.3   6.3   2.6   2   0   0   2   2   2   2 Kunitz-type protease inhibitor 1 OS=Mus musculus OX=10090 GN=Spint1 PE=1 SV=2
sp|Q62577|AMBP_MERUN      -          pdb_kunitz_rp_formatted -            9.1e-40  130.5  20.1   1.4e-21   72.2   7.0   2.3   1   1   1   2   2   2   2 Protein AMBP OS=Meriones unguiculatus OX=10047 GN=AMBP PE=2 SV=1
sp|Q07456|AMBP_MOUSE      -          pdb_kunitz_rp_formatted -            3.8e-39  128.5  22.0   1.9e-21   71.8   6.7   2.3   1   1   1   2   2   2   2 Protein AMBP OS=Mus musculus OX=10090 GN=Ambp PE=1 SV=2
sp|P04366|AMBP_PIG        -          pdb_kunitz_rp_formatted -            4.8e-39  128.2  20.2     2e-20   68.6   5.9   2.5   1   1   1   2   2   2   2 Protein AMBP (Fragment) OS=Sus scrofa OX=9823 GN=AMBP PE=1 SV=2
sp|Q64240|AMBP_RAT        -          pdb_kunitz_rp_formatted -            1.1e-38  127.0  23.2   4.9e-21   70.5   6.5   2.3   1   1   1   2   2   2   2 Protein AMBP OS=Rattus norvegicus OX=10116 GN=Ambp PE=1 SV=1
sp|Q7TQN3|WFKN2_MOUSE     -          pdb_kunitz_rp_formatted -            1.2e-38  126.9  11.0   2.7e-24   81.0   1.7   3.1   2   0   0   2   2   2   2 WAP, Kazal, immunoglobulin, Kunitz and NTR domain-containing protein 2 OS=Mus musculus OX=10090 GN=Wfikkn2 PE=1 SV=2
sp|P83609|BMTIA_RHIMP     -          pdb_kunitz_rp_formatted -            7.4e-38  124.4  18.4   1.6e-20   68.9   2.9   2.0   2   0   0   2   2   2   2 Kunitz-type serine protease inhibitor A (Fragments) OS=Rhipicephalus microplus OX=6941 PE=1 SV=2
sp|P00974|BPT1_BOVIN      -          pdb_kunitz_rp_formatted -            1.2e-29   98.2   6.4   1.5e-29   97.8   6.4   1.2   1   0   0   1   1   1   1 Pancreatic trypsin inhibitor OS=Bos taurus OX=9913 PE=1 SV=2
sp|P36992|AMBP_PLEPL      -          pdb_kunitz_rp_formatted -            1.3e-28   94.8  16.3   4.1e-19   64.4   6.6   2.3   1   1   1   2   2   2   2 Protein AMBP (Fragment) OS=Pleuronectes platessa OX=8262 PE=2 SV=1
sp|P0DMW7|VKT3B_ACTEQ     -          pdb_kunitz_rp_formatted -            1.5e-28   94.6   8.8   1.5e-28   94.6   8.8   1.0   1   0   0   1   1   1   1 PI-actitoxin-Aeq3b OS=Actinia equina OX=6106 PE=1 SV=1
sp|P0DMW6|VKT3A_ACTEQ     -          pdb_kunitz_rp_formatted -            2.1e-28   94.1   9.9   2.2e-28   94.0   9.9   1.0   1   0   0   1   1   1   1 PI-actitoxin-Aeq3a OS=Actinia equina OX=6106 PE=1 SV=1
sp|C0HK74|3CPI_HETMG      -          pdb_kunitz_rp_formatted -              4e-28   93.2   3.9   4.3e-28   93.1   3.9   1.0   1   0   0   1   1   1   1 PI-stichotoxin-Hmg3c OS=Heteractis magnifica OX=38281 PE=1 SV=1
sp|B5KL39|VKT2_AUSSU      -          pdb_kunitz_rp_formatted -              5e-28   92.9   5.2   5.6e-28   92.8   5.2   1.0   1   0   0   1   1   1   1 Kunitz-type serine protease inhibitor superbin-2 OS=Austrelaps superbus OX=29156 PE=2 SV=1
sp|Q7LZE3|VKTHE_DENAN     -          pdb_kunitz_rp_formatted -            6.9e-28   92.5   5.7   7.3e-28   92.4   5.7   1.0   1   0   0   1   1   1   1 Kunitz-type serine protease inhibitor long epsilon-dendrotoxin His55 OS=Dendroaspis angusticeps OX=8618 PE=1 SV=2
sp|C0HK72|3API_HETMG      -          pdb_kunitz_rp_formatted -              7e-28   92.5   3.4   7.3e-28   92.4   3.4   1.0   1   0   0   1   1   1   1 PI-stichotoxin-Hmg3a OS=Heteractis magnifica OX=38281 PE=1 SV=1
sp|F8J2F3|VKT28_DRYCN     -          pdb_kunitz_rp_formatted -            7.9e-28   92.3   5.7     9e-28   92.1   5.7   1.0   1   0   0   1   1   1   1 Kunitz-type serine protease inhibitor 28 OS=Drysdalia coronoides OX=66186 PE=1 SV=1
sp|P00985|VKT2_HEMHA      -          pdb_kunitz_rp_formatted -              8e-28   92.3   3.9   8.5e-28   92.2   3.9   1.0   1   0   0   1   1   1   1 Kunitz-type serine protease inhibitor 2 OS=Hemachatus haemachatus OX=8626 PE=1 SV=1
sp|P10280|VKT52_ANESU     -          pdb_kunitz_rp_formatted -            8.1e-28   92.2   6.5     9e-28   92.1   6.5   1.0   1   0   0   1   1   1   1 KappaPI-actitoxin-Avd3a OS=Anemonia sulcata OX=6108 PE=1 SV=2
sp|Q9TWG0|VKT1_ANESU      -          pdb_kunitz_rp_formatted -            8.6e-28   92.2   5.2   9.9e-28   92.0   5.2   1.0   1   0   0   1   1   1   1 KappaPI-actitoxin-Avd3b OS=Anemonia sulcata OX=6108 PE=1 SV=1
sp|P0DV04|VKT2N_RADCR     -          pdb_kunitz_rp_formatted -            9.4e-28   92.0   4.9   9.9e-28   92.0   4.9   1.0   1   0   0   1   1   1   1 PI-stichotoxin-Hcr2n OS=Radianthus crispa OX=3122430 PE=3 SV=1
sp|B5L5R0|IVBI4_PSEPO     -          pdb_kunitz_rp_formatted -              1e-27   91.9   6.8   1.1e-27   91.8   6.8   1.0   1   0   0   1   1   1   1 Blackelin-4 OS=Pseudechis porphyriacus OX=8671 PE=3 SV=1
sp|B5G6G6|VKT2_PSEPO      -          pdb_kunitz_rp_formatted -              1e-27   91.9   6.8   1.1e-27   91.8   6.8   1.0   1   0   0   1   1   1   1 Kunitz-type serine protease inhibitor blackelin-2 OS=Pseudechis porphyriacus OX=8671 PE=2 SV=1
sp|Q6ITB0|VKT1_TROCA      -          pdb_kunitz_rp_formatted -            1.1e-27   91.9   6.5   1.2e-27   91.7   6.5   1.0   1   0   0   1   1   1   1 Kunitz-type serine protease inhibitor carinatin-1 OS=Tropidechis carinatus OX=100989 PE=2 SV=1
sp|B7S4N9|VKT_OXYSC       -          pdb_kunitz_rp_formatted -            1.1e-27   91.9   5.3   1.2e-27   91.7   5.3   1.0   1   0   0   1   1   1   1 Kunitz-type serine protease inhibitor taicotoxin OS=Oxyuranus scutellatus scutellatus OX=8667 PE=1 SV=1
sp|Q2ES47|VKT4_DABRR      -          pdb_kunitz_rp_formatted -            1.1e-27   91.8   6.2   1.3e-27   91.6   6.2   1.0   1   0   0   1   1   1   1 Kunitz-type serine protease inhibitor 4 OS=Daboia russelii OX=8707 PE=2 SV=1
sp|Q6ITB7|VKT1_OXYSC      -          pdb_kunitz_rp_formatted -            1.3e-27   91.6   4.1   1.5e-27   91.4   4.1   1.0   1   0   0   1   1   1   1 Kunitz-type serine protease inhibitor scutellin-1 OS=Oxyuranus scutellatus scutellatus OX=8667 PE=2 SV=1
sp|P0DN06|VKT1A_ANEVI     -          pdb_kunitz_rp_formatted -            1.4e-27   91.5   4.4   1.7e-27   91.2   4.4   1.1   1   0   0   1   1   1   1 U-actitoxin-Avd3f OS=Anemonia viridis OX=51769 PE=3 SV=1
sp|C0HLA7|MAMB4_DENVI     -          pdb_kunitz_rp_formatted -            1.8e-27   91.1   8.8     2e-27   91.0   8.8   1.0   1   0   0   1   1   1   1 Mambaquaretin-4 OS=Dendroaspis viridis OX=8621 PE=1 SV=1
sp|P0DN08|VKT53_ANEVI     -          pdb_kunitz_rp_formatted -            1.9e-27   91.1   6.5   2.3e-27   90.8   6.5   1.1   1   0   0   1   1   1   1 KappaPI-actitoxin-Avd3e OS=Anemonia viridis OX=51769 PE=3 SV=1
sp|Q2ES46|VKT5_DABRR      -          pdb_kunitz_rp_formatted -              2e-27   91.0   6.2   2.3e-27   90.8   6.2   1.1   1   0   0   1   1   1   1 Kunitz-type serine protease inhibitor 5 OS=Daboia russelii OX=8707 PE=2 SV=1
sp|C0HLA5|MAMB2_DENVI     -          pdb_kunitz_rp_formatted -            2.2e-27   90.9   9.2   2.4e-27   90.8   9.2   1.0   1   0   0   1   1   1   1 Mambaquaretin-2 OS=Dendroaspis viridis OX=8621 PE=1 SV=1
sp|B6RLX2|VKTCT_OPHHA     -          pdb_kunitz_rp_formatted -            2.4e-27   90.7   6.4   2.7e-27   90.6   6.4   1.0   1   0   0   1   1   1   1 Kunitz-type serine protease inhibitor TCI OS=Ophiophagus hannah OX=8665 PE=1 SV=1
sp|C0HK73|3BPI_HETMG      -          pdb_kunitz_rp_formatted -            2.4e-27   90.7   2.6   2.6e-27   90.6   2.6   1.0   1   0   0   1   1   1   1 PI-stichotoxin-Hmg3b OS=Heteractis magnifica OX=38281 PE=1 SV=1
sp|F8J2F5|VKT87_DRYCN     -          pdb_kunitz_rp_formatted -            2.5e-27   90.7   6.1   2.8e-27   90.5   6.1   1.0   1   0   0   1   1   1   1 Kunitz-type serine protease inhibitor 87 OS=Drysdalia coronoides OX=66186 PE=1 SV=1
sp|B5KL36|VKT5_CRYNI      -          pdb_kunitz_rp_formatted -            2.6e-27   90.6   7.6   2.9e-27   90.5   7.6   1.0   1   0   0   1   1   1   1 Kunitz-type serine protease inhibitor nigrescinin-5 OS=Cryptophis nigrescens OX=292442 PE=2 SV=1
sp|P29216|A4_MACMU        -          pdb_kunitz_rp_formatted -            2.8e-27   90.5   5.9   3.3e-27   90.3   5.9   1.1   1   0   0   1   1   1   1 Amyloid-beta precursor protein (Fragment) OS=Macaca mulatta OX=9544 GN=APP PE=2 SV=1
sp|P00982|VKTHD_DENAN     -          pdb_kunitz_rp_formatted -            3.1e-27   90.4   6.7   3.2e-27   90.3   6.7   1.0   1   0   0   1   1   1   1 Kunitz-type serine protease inhibitor homolog delta-dendrotoxin OS=Dendroaspis angusticeps OX=8618 PE=1 SV=1
sp|P0DV03|VKT2M_RADCR     -          pdb_kunitz_rp_formatted -            3.3e-27   90.3   3.3   3.5e-27   90.2   3.3   1.0   1   0   0   1   1   1   1 PI-stichotoxin-Hcr2m OS=Radianthus crispa OX=3122430 PE=3 SV=1
sp|B5KL40|VKT3_AUSSU      -          pdb_kunitz_rp_formatted -            3.6e-27   90.2   7.4   4.1e-27   90.0   7.4   1.0   1   0   0   1   1   1   1 Kunitz-type serine protease inhibitor superbin-3 OS=Austrelaps superbus OX=29156 PE=2 SV=1
sp|B5L5R7|VKT2_HOPST      -          pdb_kunitz_rp_formatted -            4.1e-27   90.0   8.2   4.6e-27   89.8   8.2   1.0   1   0   0   1   1   1   1 Kunitz-type serine protease inhibitor stephenin-2 OS=Hoplocephalus stephensii OX=196418 PE=3 SV=1
sp|C0HJF3|VKT2D_RADCR     -          pdb_kunitz_rp_formatted -            5.6e-27   89.6   5.2   5.8e-27   89.5   5.2   1.0   1   0   0   1   1   1   1 TauPI-stichotoxin-Hcr2d OS=Radianthus crispa OX=3122430 PE=1 SV=1
sp|A0A1Z0YU59|MAMB1_DENAN -          pdb_kunitz_rp_formatted -            7.6e-27   89.1   9.7   8.1e-27   89.0   9.7   1.0   1   0   0   1   1   1   1 Mambaquaretin-1 OS=Dendroaspis angusticeps OX=8618 PE=1 SV=2
sp|B5KL35|VKT4_CRYNI      -          pdb_kunitz_rp_formatted -            7.9e-27   89.1   6.4   8.9e-27   88.9   6.4   1.0   1   0   0   1   1   1   1 Kunitz-type serine protease inhibitor nigrescinin-4 OS=Cryptophis nigrescens OX=292442 PE=2 SV=1
sp|C0HLA8|MAMB5_DENJA     -          pdb_kunitz_rp_formatted -            8.3e-27   89.0   8.6   8.9e-27   88.9   8.6   1.0   1   0   0   1   1   1   1 Mambaquaretin-5 OS=Dendroaspis jamesoni kaimosae OX=8619 PE=1 SV=1
sp|A0A6B7FA07|VKT2J_RADCR -          pdb_kunitz_rp_formatted -            8.7e-27   89.0   6.3   8.7e-27   89.0   6.3   1.7   1   1   1   2   2   1   1 PI-stichotoxin-Hcr2j (Fragment) OS=Radianthus crispa OX=3122430 GN=iq4c7 PE=1 SV=1
sp|Q9TWF8|VKT3_ANESU      -          pdb_kunitz_rp_formatted -            1.1e-26   88.7   6.4   1.2e-26   88.6   6.4   1.0   1   0   0   1   1   1   1 KappaPI-actitoxin-Avd3d OS=Anemonia sulcata OX=6108 PE=1 SV=1
sp|Q964Q0|IXOSP_IXOSC     -          pdb_kunitz_rp_formatted -            1.1e-26   88.7  13.3   8.4e-22   73.0   2.5   2.3   2   0   0   2   2   2   2 Ixolaris OS=Ixodes scapularis OX=6945 PE=1 SV=1
sp|P0DN12|VKT8_ANEVI      -          pdb_kunitz_rp_formatted -            1.1e-26   88.6   5.5   1.4e-26   88.3   5.5   1.1   1   0   0   1   1   1   1 U-actitoxin-Avd3k OS=Anemonia viridis OX=51769 PE=3 SV=1
sp|A0A6B7FEJ3|VKT2K_RADCR -          pdb_kunitz_rp_formatted -            1.3e-26   88.4   6.4   1.3e-26   88.4   6.4   1.7   1   1   1   2   2   1   1 PI-stichotoxin-Hcr2k (Fragment) OS=Radianthus crispa OX=3122430 GN=iq1c9 PE=1 SV=1
sp|C1IC52|VKT2_WALAE      -          pdb_kunitz_rp_formatted -            1.4e-26   88.3   5.0   1.6e-26   88.1   5.0   1.1   1   0   0   1   1   1   1 Kunitz-type serine protease inhibitor spermatin OS=Walterinnesia aegyptia OX=64182 PE=1 SV=1
sp|P00992|VKT3_VIPAA      -          pdb_kunitz_rp_formatted -            1.9e-26   87.9   7.3   2.2e-26   87.7   7.3   1.1   1   0   0   1   1   1   1 Kunitz-type serine protease inhibitor 3 OS=Vipera ammodytes ammodytes OX=8705 PE=1 SV=2
sp|P00991|VKT1_VIPAA      -          pdb_kunitz_rp_formatted -              2e-26   87.8   8.0   2.3e-26   87.6   8.0   1.1   1   0   0   1   1   1   1 Kunitz-type serine protease inhibitor 1 OS=Vipera ammodytes ammodytes OX=8705 PE=1 SV=2
sp|A6MFL4|VKT4_DEMVE      -          pdb_kunitz_rp_formatted -            2.1e-26   87.7   7.5   2.3e-26   87.6   7.5   1.0   1   0   0   1   1   1   1 Kunitz-type serine protease inhibitor vestiginin-4 OS=Demansia vestigiata OX=412038 PE=2 SV=1
sp|P12023|A4_MOUSE        -          pdb_kunitz_rp_formatted -            2.1e-26   87.7   4.5     4e-26   86.8   4.5   1.5   1   0   0   1   1   1   1 Amyloid-beta precursor protein OS=Mus musculus OX=10090 GN=App PE=1 SV=3
sp|C1IC51|VKT3_WALAE      -          pdb_kunitz_rp_formatted -            2.3e-26   87.6   4.6   2.7e-26   87.4   4.6   1.1   1   0   0   1   1   1   1 Protease inhibitor 3 OS=Walterinnesia aegyptia OX=64182 PE=3 SV=1
sp|P00993|IBP_CARCR       -          pdb_kunitz_rp_formatted -            2.4e-26   87.6   5.0   2.4e-26   87.6   5.0   1.8   2   0   0   2   2   1   1 Chelonianin OS=Caretta caretta OX=8467 PE=1 SV=1
sp|A6MGY1|VKT7_DEMVE      -          pdb_kunitz_rp_formatted -            2.6e-26   87.4   5.4     3e-26   87.2   5.4   1.0   1   0   0   1   1   1   1 Kunitz-type serine protease inhibitor vestiginin-7 OS=Demansia vestigiata OX=412038 PE=1 SV=1
sp|E7FL11|VKT1_PSERS      -          pdb_kunitz_rp_formatted -            2.7e-26   87.4   6.4     3e-26   87.2   6.4   1.0   1   0   0   1   1   1   1 Kunitz serine protease inhibitor Pr-mulgin 1 OS=Pseudechis rossignolii OX=1489342 PE=1 SV=1
sp|B5KL38|VKT1_AUSSU      -          pdb_kunitz_rp_formatted -            2.8e-26   87.3   5.5   3.2e-26   87.1   5.5   1.0   1   0   0   1   1   1   1 Kunitz-type serine protease inhibitor superbin-1 OS=Austrelaps superbus OX=29156 PE=2 SV=1
sp|B5L5R1|IVBI5_PSEPO     -          pdb_kunitz_rp_formatted -            3.4e-26   87.1   6.5   3.8e-26   86.9   6.5   1.0   1   0   0   1   1   1   1 Blackelin-5 OS=Pseudechis porphyriacus OX=8671 PE=3 SV=1
sp|P81902|CSTI_BOMMO      -          pdb_kunitz_rp_formatted -            3.5e-26   87.0   2.7   3.7e-26   86.9   2.7   1.0   1   0   0   1   1   1   1 Trypsin inhibitor OS=Bombyx mori OX=7091 PE=1 SV=1
sp|Q95241|A4_SAISC        -          pdb_kunitz_rp_formatted -              4e-26   86.8   5.1   7.9e-26   85.9   5.1   1.5   1   0   0   1   1   1   1 Amyloid-beta precursor protein OS=Saimiri sciureus OX=9521 GN=APP PE=2 SV=1
sp|Q5IS80|A4_PANTR        -          pdb_kunitz_rp_formatted -            4.4e-26   86.7   5.1   8.2e-26   85.8   5.1   1.4   1   0   0   1   1   1   1 Amyloid-beta precursor protein OS=Pan troglodytes OX=9598 GN=APP PE=2 SV=1
sp|P08592|A4_RAT          -          pdb_kunitz_rp_formatted -            4.4e-26   86.7   5.1   8.2e-26   85.8   5.1   1.4   1   0   0   1   1   1   1 Amyloid-beta precursor protein OS=Rattus norvegicus OX=10116 GN=App PE=1 SV=2
sp|C0HJU6|VKT2F_RADCR     -          pdb_kunitz_rp_formatted -            4.4e-26   86.7   4.5   4.6e-26   86.6   4.5   1.0   1   0   0   1   1   1   1 PI-stichotoxin-Hcr2f OS=Radianthus crispa OX=3122430 PE=1 SV=1
sp|C0HLA9|MAMB6_DENVI     -          pdb_kunitz_rp_formatted -            4.8e-26   86.6   7.4   5.2e-26   86.5   7.4   1.0   1   0   0   1   1   1   1 Mambaquaretin-6 OS=Dendroaspis viridis OX=8621 PE=1 SV=1
sp|B5KF94|VKT1_HOPST      -          pdb_kunitz_rp_formatted -              6e-26   86.3   5.2   6.7e-26   86.1   5.2   1.0   1   0   0   1   1   1   1 Kunitz-type serine protease inhibitor stephenin-1 OS=Hoplocephalus stephensii OX=196418 PE=2 SV=1
sp|E7FL13|VKT3_PSERS      -          pdb_kunitz_rp_formatted -            6.8e-26   86.1   6.7   7.7e-26   85.9   6.7   1.0   1   0   0   1   1   1   1 Kunitz serine protease inhibitor Pr-mulgin 3 OS=Pseudechis rossignolii OX=1489342 PE=2 SV=1
sp|B5KL34|VKT3_CRYNI      -          pdb_kunitz_rp_formatted -              8e-26   85.9   5.8     9e-26   85.7   5.8   1.0   1   0   0   1   1   1   1 Kunitz-type serine protease inhibitor nigrescinin-3 OS=Cryptophis nigrescens OX=292442 PE=2 SV=1
sp|P0C5J5|WFKN1_RAT       -          pdb_kunitz_rp_formatted -            8.5e-26   85.8   2.7   6.5e-21   70.1   0.3   3.0   2   0   0   2   2   2   2 WAP, Kazal, immunoglobulin, Kunitz and NTR domain-containing protein 1 OS=Rattus norvegicus OX=10116 GN=Wfikkn1 PE=2 SV=1
sp|Q6ITB8|VKT4_PSEAU      -          pdb_kunitz_rp_formatted -            8.8e-26   85.7   5.8   9.9e-26   85.6   5.8   1.0   1   0   0   1   1   1   1 Kunitz-type serine protease inhibitor mulgin-4 OS=Pseudechis australis OX=8670 PE=2 SV=1
sp|B5L5Q8|VKT5_PSEAU      -          pdb_kunitz_rp_formatted -            9.6e-26   85.6   6.1   1.1e-25   85.4   6.1   1.0   1   0   0   1   1   1   1 Kunitz-type serine protease inhibitor mulgin-5 OS=Pseudechis australis OX=8670 PE=3 SV=1
sp|H2A0P0|KCP5_PINMG      -          pdb_kunitz_rp_formatted -            9.9e-26   85.6  29.2   1.3e-14   49.9   5.5   2.2   2   0   0   2   2   2   2 BPTI/Kunitz domain-containing protein 5 OS=Margaritifera margaritifera OX=102329 PE=1 SV=1
sp|P0DN14|VKTA_ANEVI      -          pdb_kunitz_rp_formatted -            1.1e-25   85.4   7.5   1.3e-25   85.2   7.5   1.1   1   0   0   1   1   1   1 U-actitoxin-Avd3m OS=Anemonia viridis OX=51769 PE=3 SV=1
sp|Q8R0S6|WFKN1_MOUSE     -          pdb_kunitz_rp_formatted -            1.1e-25   85.4   3.2   5.7e-21   70.3   0.4   2.9   2   0   0   2   2   2   2 WAP, Kazal, immunoglobulin, Kunitz and NTR domain-containing protein 1 OS=Mus musculus OX=10090 GN=Wfikkn1 PE=2 SV=2
sp|P00976|IBPC_BOVIN      -          pdb_kunitz_rp_formatted -            1.2e-25   85.3   3.0   1.3e-25   85.2   3.0   1.0   1   0   0   1   1   1   1 Colostrum trypsin inhibitor OS=Bos taurus OX=9913 PE=1 SV=2
sp|P0DN20|VKTG_ANEVI      -          pdb_kunitz_rp_formatted -            1.8e-25   84.7   6.2   2.1e-25   84.5   6.2   1.1   1   0   0   1   1   1   1 U-actitoxin-Avd3s (Fragment) OS=Anemonia viridis OX=51769 PE=2 SV=1
sp|C1IC53|VKT4_WALAE      -          pdb_kunitz_rp_formatted -            1.8e-25   84.7   8.5   2.3e-25   84.4   8.5   1.1   1   0   0   1   1   1   1 Protease inhibitor 4 OS=Walterinnesia aegyptia OX=64182 PE=1 SV=1
sp|Q8AY41|VKTC_BUNCA      -          pdb_kunitz_rp_formatted -            2.2e-25   84.5   5.8   2.5e-25   84.3   5.8   1.0   1   0   0   1   1   1   1 Kunitz-type serine protease inhibitor C OS=Bungarus candidus OX=92438 PE=2 SV=2
sp|P24541|VKT_ERIMA       -          pdb_kunitz_rp_formatted -            2.6e-25   84.2   8.1   2.9e-25   84.1   8.1   1.0   1   0   0   1   1   1   1 Kunitz-type serine protease inhibitor OS=Eristicophis macmahoni OX=110227 PE=1 SV=1
sp|B1B5I8|VKT3_STIHA      -          pdb_kunitz_rp_formatted -            3.7e-25   83.7   5.7     5e-25   83.3   5.7   1.1   1   0   0   1   1   1   1 KappaPI-stichotoxin-Shd2a OS=Stichodactyla haddoni OX=475174 PE=1 SV=1
sp|P15943|APLP2_RAT       -          pdb_kunitz_rp_formatted -            5.8e-25   83.1   3.0   5.8e-25   83.1   3.0   1.9   2   0   0   2   2   1   1 Amyloid beta precursor like protein 2 OS=Rattus norvegicus OX=10116 GN=Aplp2 PE=1 SV=2
sp|B5KL32|VKT3_NOTSC      -          pdb_kunitz_rp_formatted -            6.5e-25   82.9   7.7   7.4e-25   82.8   7.7   1.0   1   0   0   1   1   1   1 Kunitz-type serine protease inhibitor tigerin-3 OS=Notechis scutatus scutatus OX=70142 PE=2 SV=1
sp|B2KTG2|VKTH1_BUNFA     -          pdb_kunitz_rp_formatted -            7.6e-25   82.7   7.4   8.7e-25   82.5   7.4   1.0   1   0   0   1   1   1   1 Kunitz-type serine protease inhibitor homolog beta-bungarotoxin BF B1 chain OS=Bungarus fasciatus OX=8613 PE=2 SV=1
sp|F8J2F6|VKT18_DRYCN     -          pdb_kunitz_rp_formatted -            8.5e-25   82.6   5.8   9.7e-25   82.4   5.8   1.0   1   0   0   1   1   1   1 Kunitz-type serine protease inhibitor 18 OS=Drysdalia coronoides OX=66186 PE=1 SV=1
sp|C8YJ94|KUN2_TABYA      -          pdb_kunitz_rp_formatted -              1e-24   82.3   9.7   1.2e-24   82.1   9.7   1.1   1   0   0   1   1   1   1 Tabkunin 2 OS=Tabanus yao OX=485572 PE=1 SV=1
sp|B5KL41|VKT4_AUSSU      -          pdb_kunitz_rp_formatted -            1.1e-24   82.2   7.8   1.2e-24   82.1   7.8   1.0   1   0   0   1   1   1   1 Kunitz-type serine protease inhibitor superbin-4 OS=Austrelaps superbus OX=29156 PE=2 SV=1
sp|Q6ITB2|VKT2_NOTSC      -          pdb_kunitz_rp_formatted -            1.1e-24   82.2   1.8   1.3e-24   82.0   1.8   1.0   1   0   0   1   1   1   1 Kunitz-type serine protease inhibitor tigerin-2 OS=Notechis scutatus scutatus OX=70142 PE=2 SV=1
sp|P00989|VKTH2_BUNMU     -          pdb_kunitz_rp_formatted -            1.7e-24   81.6   6.4   2.1e-24   81.3   6.4   1.1   1   0   0   1   1   1   1 Kunitz-type serine protease inhibitor homolog beta-bungarotoxin B2 chain OS=Bungarus multicinctus OX=8616 PE=1 SV=2
sp|Q8AY45|VKBH2_BUNCA     -          pdb_kunitz_rp_formatted -            1.8e-24   81.5   6.4   2.1e-24   81.3   6.4   1.0   1   0   0   1   1   1   1 Kunitz-type serine protease inhibitor homolog beta-bungarotoxin B2a chain OS=Bungarus candidus OX=92438 PE=2 SV=2
sp|Q75S50|VKTH3_BUNCA     -          pdb_kunitz_rp_formatted -            2.1e-24   81.3   6.0   2.4e-24   81.1   6.0   1.0   1   0   0   1   1   1   1 Kunitz-type serine protease inhibitor homolog beta-bungarotoxin B3 chain OS=Bungarus candidus OX=92438 PE=2 SV=1
sp|P20229|VKTTI_NAJNA     -          pdb_kunitz_rp_formatted -            2.1e-24   81.3   7.2   2.2e-24   81.2   7.2   1.0   1   0   0   1   1   1   1 Kunitz-type serine protease inhibitor OS=Naja naja OX=35670 PE=1 SV=1
sp|P0C1X2|VKTS1_CONST     -          pdb_kunitz_rp_formatted -            2.4e-24   81.1   3.1   3.1e-24   80.8   3.1   1.1   1   0   0   1   1   1   1 Kunitz-type conkunitzin-S1 OS=Conus striatus OX=6493 PE=1 SV=1
sp|P0DMX0|VKT3_ANTAF      -          pdb_kunitz_rp_formatted -            2.6e-24   81.0  11.7     3e-24   80.8  11.7   1.0   1   0   0   1   1   1   1 PI-actitoxin-Axm2b OS=Anthopleura aff. xanthogrammica OX=152178 PE=1 SV=1
sp|A8Y7P6|VKTB6_DABSI     -          pdb_kunitz_rp_formatted -            2.9e-24   80.9   8.9   3.3e-24   80.7   8.9   1.0   1   0   0   1   1   1   1 Kunitz-type serine protease inhibitor B6 OS=Daboia siamensis OX=343250 PE=2 SV=1
sp|P0DJ50|VKT31_OLIMR     -          pdb_kunitz_rp_formatted -            3.3e-24   80.7  10.5   4.1e-24   80.4  10.5   1.1   1   0   0   1   1   1   1 Kunitz-type serine protease inhibitor BmKTT-2 OS=Olivierus martensii OX=34649 PE=2 SV=2
sp|A8Y7P5|VKTB5_DABSI     -          pdb_kunitz_rp_formatted -            3.6e-24   80.6   6.4   4.2e-24   80.4   6.4   1.1   1   0   0   1   1   1   1 Kunitz-type serine protease inhibitor B5 OS=Daboia siamensis OX=343250 PE=2 SV=1
sp|A8Y7P0|VKTB7_DABSI     -          pdb_kunitz_rp_formatted -            4.1e-24   80.4   8.5   4.7e-24   80.2   8.5   1.0   1   0   0   1   1   1   1 Kunitz-type serine protease inhibitor 7 OS=Daboia siamensis OX=343250 PE=2 SV=1
sp|Q2ES50|VKT1_DABRR      -          pdb_kunitz_rp_formatted -            4.1e-24   80.4   8.5   4.7e-24   80.2   8.5   1.0   1   0   0   1   1   1   1 Kunitz-type serine protease inhibitor 1 OS=Daboia russelii OX=8707 PE=2 SV=1
sp|Q28201|TKDP1_BOVIN     -          pdb_kunitz_rp_formatted -            4.8e-24   80.2   5.5   1.2e-23   78.9   5.5   1.7   1   0   0   1   1   1   1 Trophoblast Kunitz domain protein 1 OS=Bos taurus OX=9913 GN=TKDP1 PE=2 SV=2
sp|A8Y7P3|VKTB3_DABSI     -          pdb_kunitz_rp_formatted -            5.5e-24   80.0   6.8   6.2e-24   79.8   6.8   1.0   1   0   0   1   1   1   1 Kunitz-type serine protease inhibitor B3 OS=Daboia siamensis OX=343250 PE=2 SV=1
sp|B4ESA4|VKT3L_BUNMU     -          pdb_kunitz_rp_formatted -            5.7e-24   79.9  10.3   6.4e-24   79.8  10.3   1.0   1   0   0   1   1   1   1 Kunitz-type serine protease inhibitor PILP-3 OS=Bungarus multicinctus OX=8616 PE=3 SV=1
sp|P81162|CRPTI_RHIMP     -          pdb_kunitz_rp_formatted -            5.8e-24   79.9   5.8   6.9e-24   79.7   5.8   1.1   1   0   0   1   1   1   1 Protease inhibitor carrapatin OS=Rhipicephalus microplus OX=6941 PE=1 SV=1
sp|Q90W96|VKT6_PSETT      -          pdb_kunitz_rp_formatted -            6.3e-24   79.8   5.3   7.2e-24   79.6   5.3   1.0   1   0   0   1   1   1   1 Kunitz-type serine protease inhibitor textilinin-6 OS=Pseudonaja textilis textilis OX=169397 PE=2 SV=1
sp|I2G9B4|VKT_MACLN       -          pdb_kunitz_rp_formatted -            6.5e-24   79.8  10.1   7.6e-24   79.5  10.1   1.1   1   0   0   1   1   1   1 Kunitz-type serine protease inhibitor PIVL OS=Macrovipera lebetina transmediterranea OX=384075 PE=1 SV=1
sp|Q3UW55|WFC6A_MOUSE     -          pdb_kunitz_rp_formatted -            7.3e-24   79.6   0.4   1.8e-23   78.3   0.4   1.7   1   0   0   1   1   1   1 WAP four-disulfide core domain protein 6A OS=Mus musculus OX=10090 GN=Wfdc6a PE=2 SV=1
sp|O62845|ELAC_NOTEU      -          pdb_kunitz_rp_formatted -            9.6e-24   79.2   4.6   1.7e-23   78.4   4.6   1.4   1   0   0   1   1   1   1 Early lactation protein OS=Notamacropus eugenii OX=9315 GN=ELP PE=1 SV=1
sp|P81548|VKT2_ANTAF      -          pdb_kunitz_rp_formatted -            2.2e-23   78.0   8.9   2.3e-23   78.0   8.9   1.0   1   0   0   1   1   1   1 PI-actitoxin-Axm2b OS=Anthopleura aff. xanthogrammica OX=152178 PE=1 SV=1
sp|P0DJ46|VKT21_LYCMC     -          pdb_kunitz_rp_formatted -            2.7e-23   77.8   6.8   3.2e-23   77.5   6.8   1.1   1   0   0   1   1   1   1 Kunitz-type serine protease inhibitor LmKTT-1a OS=Lychas mucronatus OX=172552 PE=1 SV=1
sp|B5L5Q1|VKT7_PSETT      -          pdb_kunitz_rp_formatted -              3e-23   77.6   4.4   3.4e-23   77.4   4.4   1.0   1   0   0   1   1   1   1 Kunitz-type serine protease inhibitor textilinin-7 OS=Pseudonaja textilis textilis OX=169397 PE=3 SV=1
sp|D5J9Q8|VKT5_BUNFL      -          pdb_kunitz_rp_formatted -            3.8e-23   77.3   9.6   4.3e-23   77.1   9.6   1.0   1   0   0   1   1   1   1 Kunitz-type serine protease inhibitor isoform 5 OS=Bungarus flaviceps flaviceps OX=8615 PE=3 SV=1
sp|B5KL28|VKT4_OXYMI      -          pdb_kunitz_rp_formatted -            3.8e-23   77.3   4.0   4.3e-23   77.1   4.0   1.0   1   0   0   1   1   1   1 Kunitz-type serine protease inhibitor microlepidin-4 OS=Oxyuranus microlepidotus OX=111177 PE=2 SV=1
sp|O95925|EPPI_HUMAN      -          pdb_kunitz_rp_formatted -            1.1e-22   75.8   7.4     3e-22   74.4   7.4   1.8   1   0   0   1   1   1   1 Eppin OS=Homo sapiens OX=9606 GN=EPPIN PE=1 SV=1
sp|P0DN15|VKTB_ANEVI      -          pdb_kunitz_rp_formatted -            1.2e-22   75.7  10.0   1.4e-22   75.5  10.0   1.1   1   0   0   1   1   1   1 U-actitoxin-Avd3n OS=Anemonia viridis OX=51769 PE=1 SV=1
sp|Q90W97|VKT5_PSETT      -          pdb_kunitz_rp_formatted -            1.4e-22   75.5   4.6   1.6e-22   75.3   4.6   1.0   1   0   0   1   1   1   1 Kunitz-type serine protease inhibitor textilinin-5 OS=Pseudonaja textilis textilis OX=169397 PE=2 SV=1
sp|P82968|MCPI_MELCP      -          pdb_kunitz_rp_formatted -            1.4e-22   75.4   8.2   1.4e-22   75.4   8.2   2.3   2   0   0   2   2   1   1 Four-domain proteases inhibitor OS=Melithaea caledonica OX=156534 PE=1 SV=1
sp|P15989|CO6A3_CHICK     -          pdb_kunitz_rp_formatted -            1.7e-22   75.2   5.0   4.6e-22   73.8   5.0   1.7   1   0   0   1   1   1   1 Collagen alpha-3(VI) chain OS=Gallus gallus OX=9031 GN=COL6A3 PE=2 SV=2
sp|D8KY58|VKT_BOMTE       -          pdb_kunitz_rp_formatted -            2.2e-22   74.8   4.0   2.7e-22   74.6   4.0   1.1   1   0   0   1   1   1   1 Kunitz-type serine protease inhibitor Bt-KTI OS=Bombus terrestris OX=30195 PE=2 SV=1
sp|P16044|IBPI_TACTR      -          pdb_kunitz_rp_formatted -            2.2e-22   74.8   7.5   2.6e-22   74.6   7.5   1.0   1   0   0   1   1   1   1 Proteinase inhibitor OS=Tachypleus tridentatus OX=6853 PE=1 SV=1
sp|G9I929|VKTA_MICTN      -          pdb_kunitz_rp_formatted -            4.3e-22   73.9   9.5   5.3e-22   73.6   9.5   1.1   1   0   0   1   1   1   1 Kunitz-type neurotoxin MitTx-alpha OS=Micrurus tener tener OX=1114302 PE=1 SV=1
sp|D2Y490|VKT1C_CONCL     -          pdb_kunitz_rp_formatted -            5.2e-22   73.7   5.4   5.6e-22   73.6   5.4   1.0   1   0   0   1   1   1   1 Kunitz-type serine protease inhibitor conotoxin Cal9.1c (Fragment) OS=Californiconus californicus OX=1736779 PE=2 SV=1
sp|C8YJ96|KUN4_TABYA      -          pdb_kunitz_rp_formatted -            6.6e-22   73.3   8.7   7.4e-22   73.2   8.7   1.1   1   0   0   1   1   1   1 Tabkunin 4 OS=Tabanus yao OX=485572 PE=3 SV=1
sp|D2Y488|VKT1A_CONCL     -          pdb_kunitz_rp_formatted -            8.1e-22   73.0   4.4   9.6e-22   72.8   4.4   1.1   1   0   0   1   1   1   1 Kunitz-type serine protease inhibitor conotoxin Cal9.1a OS=Californiconus californicus OX=1736779 PE=3 SV=1
sp|Q4KUS1|WFDC8_MOUSE     -          pdb_kunitz_rp_formatted -            1.3e-21   72.4   5.2   1.3e-21   72.4   5.2   2.5   2   0   0   2   2   1   1 WAP four-disulfide core domain protein 8 OS=Mus musculus OX=10090 GN=Wfdc8 PE=2 SV=1
sp|H2A0M2|KCP1_PINMG      -          pdb_kunitz_rp_formatted -            1.4e-21   72.3  10.2   2.5e-21   71.5  10.2   1.4   1   0   0   1   1   1   1 BPTI/Kunitz domain-containing protein 1 OS=Margaritifera margaritifera OX=102329 PE=1 SV=1
sp|P00983|MAMB7_DENPO     -          pdb_kunitz_rp_formatted -            1.4e-21   72.3   6.6   1.4e-21   72.2   6.6   1.0   1   0   0   1   1   1   1 Mambaquaretin-7 OS=Dendroaspis polylepis polylepis OX=8620 PE=1 SV=1
sp|G3LH89|VKT_BOMIG       -          pdb_kunitz_rp_formatted -              2e-21   71.8   4.6   2.4e-21   71.5   4.6   1.1   1   0   0   1   1   1   1 Kunitz-type serine protease inhibitor Bi-KTI OS=Bombus ignitus OX=130704 PE=2 SV=1
sp|Q589G4|VKT19_ANOSM     -          pdb_kunitz_rp_formatted -            4.2e-21   70.7   2.4   4.7e-21   70.6   2.4   1.0   1   0   0   1   1   1   1 Kunitz-type serine protease inhibitor As-fr-19 OS=Anoplius samariensis OX=200614 PE=1 SV=1
sp|P68425|VKT1A_CYRSC     -          pdb_kunitz_rp_formatted -            4.7e-21   70.6   7.5   5.7e-21   70.3   7.5   1.1   1   0   0   1   1   1   1 Kunitz-type kappaPI-theraphotoxin-Hs1a OS=Cyriopagopus schmidti OX=29017 PE=1 SV=2
sp|P0DJ76|VKT4_CYRSC      -          pdb_kunitz_rp_formatted -              9e-21   69.7   7.6   1.1e-20   69.4   7.6   1.1   1   0   0   1   1   1   1 Kunitz-type kappaPI-theraphotoxin-Hs1e OS=Cyriopagopus schmidti OX=29017 PE=3 SV=1
sp|Q1RPS9|VKTH5_BUNMU     -          pdb_kunitz_rp_formatted -            1.1e-20   69.4  10.9   1.3e-20   69.2  10.9   1.1   1   0   0   1   1   1   1 Kunitz-type serine protease inhibitor homolog beta-bungarotoxin B5 chain OS=Bungarus multicinctus OX=8616 PE=3 SV=1
sp|P0DJ47|VKT12_OLIMR     -          pdb_kunitz_rp_formatted -            1.8e-20   68.7  11.3   2.1e-20   68.5  11.3   1.0   1   0   0   1   1   1   1 Kunitz-type serine protease inhibitor BmKTT-3 OS=Olivierus martensii OX=34649 PE=2 SV=1
sp|B5L5Q3|IVBS5_OXYSC     -          pdb_kunitz_rp_formatted -            6.3e-20   67.0   1.4   7.2e-20   66.8   1.4   1.0   1   0   0   1   1   1   1 Scutellin-5 OS=Oxyuranus scutellatus scutellatus OX=8667 PE=3 SV=1
sp|D2Y2Q9|VKTR1_CYRHA     -          pdb_kunitz_rp_formatted -            8.4e-20   66.6   6.7     1e-19   66.3   6.7   1.1   1   0   0   1   1   1   1 Kunitz-type U15-theraphotoxin-Hhn1r OS=Cyriopagopus hainanus OX=209901 PE=3 SV=1
sp|D2Y2Q7|VKTP1_CYRHA     -          pdb_kunitz_rp_formatted -              1e-19   66.3   5.4   1.2e-19   66.0   5.4   1.1   1   0   0   1   1   1   1 Kunitz-type U15-theraphotoxin-Hhn1p OS=Cyriopagopus hainanus OX=209901 PE=3 SV=1
sp|P0DJ84|VKT40_CYRSC     -          pdb_kunitz_rp_formatted -            1.1e-19   66.2   5.9   1.3e-19   65.9   5.9   1.1   1   0   0   1   1   1   1 Kunitz-type kappaPI-theraphotoxin-Hs1d OS=Cyriopagopus schmidti OX=29017 PE=3 SV=1
sp|P0DMJ1|VKT39_CYRSC     -          pdb_kunitz_rp_formatted -            1.2e-19   66.1   4.0   1.5e-19   65.8   4.0   1.1   1   0   0   1   1   1   1 Kunitz-type U15-theraphotoxin-Hs1g OS=Cyriopagopus schmidti OX=29017 PE=3 SV=1
sp|D2Y2Q8|VKTQ1_CYRHA     -          pdb_kunitz_rp_formatted -            1.6e-19   65.7   5.7   1.9e-19   65.4   5.7   1.1   1   0   0   1   1   1   1 Kunitz-type U15-theraphotoxin-Hhn1q OS=Cyriopagopus hainanus OX=209901 PE=3 SV=1
sp|Q8AY46|VKTHB_BUNCA     -          pdb_kunitz_rp_formatted -            1.7e-19   65.6   8.2   1.9e-19   65.4   8.2   1.1   1   0   0   1   1   1   1 Kunitz-type serine protease inhibitor homolog beta-bungarotoxin B1 chain OS=Bungarus candidus OX=92438 PE=2 SV=2
sp|D2Y2Q1|VKTL1_CYRHA     -          pdb_kunitz_rp_formatted -            3.8e-19   64.5   6.3   4.6e-19   64.2   6.3   1.1   1   0   0   1   1   1   1 Kunitz-type U15-theraphotoxin-Hhn1l OS=Cyriopagopus hainanus OX=209901 PE=3 SV=1
sp|D2Y2Q5|VKTN1_CYRHA     -          pdb_kunitz_rp_formatted -            6.5e-19   63.7   5.9   7.8e-19   63.5   5.9   1.1   1   0   0   1   1   1   1 Kunitz-type U15-theraphotoxin-Hhn1n OS=Cyriopagopus hainanus OX=209901 PE=3 SV=1
sp|P0DJ79|VKT13_CYRSC     -          pdb_kunitz_rp_formatted -            3.5e-18   61.4   2.7   4.3e-18   61.1   2.7   1.1   1   0   0   1   1   1   1 Kunitz-type U15-theraphotoxin-Hs1d OS=Cyriopagopus schmidti OX=29017 PE=3 SV=1
sp|P0DJ75|VKT2_CYRSC      -          pdb_kunitz_rp_formatted -            4.2e-18   61.1   3.0   5.1e-18   60.9   3.0   1.1   1   0   0   1   1   1   1 Kunitz-type U15-theraphotoxin-Hs1a OS=Cyriopagopus schmidti OX=29017 PE=3 SV=1
sp|P0DJ85|VKT45_CYRSC     -          pdb_kunitz_rp_formatted -            4.4e-18   61.1   1.7   5.4e-18   60.8   1.7   1.1   1   0   0   1   1   1   1 Kunitz-type U15-theraphotoxin-Hs1f OS=Cyriopagopus schmidti OX=29017 PE=3 SV=1
sp|Q02388|CO7A1_HUMAN     -          pdb_kunitz_rp_formatted -              7e-18   60.4   1.2   1.1e-17   59.8   1.2   1.3   1   0   0   1   1   1   1 Collagen alpha-1(VII) chain OS=Homo sapiens OX=9606 GN=COL7A1 PE=1 SV=2
sp|Q9D263|SPIT4_MOUSE     -          pdb_kunitz_rp_formatted -            7.4e-18   60.3   5.1     1e-17   59.9   5.1   1.2   1   0   0   1   1   1   1 Kunitz-type protease inhibitor 4 OS=Mus musculus OX=10090 GN=Spint4 PE=2 SV=1
sp|P0DJ67|VKT34_CYRHA     -          pdb_kunitz_rp_formatted -              9e-18   60.1   3.1   1.1e-17   59.8   3.1   1.1   1   0   0   1   1   1   1 Kunitz-type U15-theraphotoxin-Hhn1c OS=Cyriopagopus hainanus OX=209901 PE=3 SV=1
sp|Q8MVC4|TFPIL_IXOSC     -          pdb_kunitz_rp_formatted -            9.1e-18   60.1  36.9   1.7e-07   27.2   0.9   6.2   4   1   2   6   6   5   3 Penthalaris OS=Ixodes scapularis OX=6945 PE=1 SV=1
sp|Q2UY11|COSA1_MOUSE     -          pdb_kunitz_rp_formatted -            9.7e-18   60.0   5.9   1.7e-17   59.2   5.9   1.4   1   0   0   1   1   1   1 Collagen alpha-1(XXVIII) chain OS=Mus musculus OX=10090 GN=Col28a1 PE=2 SV=1
sp|D2Y2F6|VKTE1_CYRHA     -          pdb_kunitz_rp_formatted -            9.8e-18   60.0   3.5   1.2e-17   59.7   3.5   1.1   1   0   0   1   1   1   1 Kunitz-type U15-theraphotoxin-Hhn1e OS=Cyriopagopus hainanus OX=209901 PE=3 SV=1
sp|P0DJ72|VKT68_CYRHA     -          pdb_kunitz_rp_formatted -            9.8e-18   60.0   3.5   1.2e-17   59.7   3.5   1.1   1   0   0   1   1   1   1 Kunitz-type U15-theraphotoxin-Hhn1e OS=Cyriopagopus hainanus OX=209901 PE=3 SV=1
sp|P0DJ69|VKT52_CYRHA     -          pdb_kunitz_rp_formatted -            1.1e-17   59.8   4.6   1.4e-17   59.4   4.6   1.1   1   0   0   1   1   1   1 Kunitz-type serine protease inhibitor HNTX-852 (Fragment) OS=Cyriopagopus hainanus OX=209901 PE=2 SV=1
sp|Q63870|CO7A1_MOUSE     -          pdb_kunitz_rp_formatted -            1.3e-17   59.5   1.1   2.3e-17   58.8   1.1   1.3   1   0   0   1   1   1   1 Collagen alpha-1(VII) chain OS=Mus musculus OX=10090 GN=Col7a1 PE=1 SV=3
sp|C0HLB0|MAMB9_DENVI     -          pdb_kunitz_rp_formatted -            2.2e-17   58.8   9.3   2.4e-17   58.7   9.3   1.0   1   0   0   1   1   1   1 Mambaquaretin-9 OS=Dendroaspis viridis OX=8621 PE=1 SV=1
sp|D2Y2F3|VKT2_CYRHA      -          pdb_kunitz_rp_formatted -            3.7e-17   58.1   3.1   4.5e-17   57.8   3.1   1.1   1   0   0   1   1   1   1 Kunitz-type U15-theraphotoxin-Hhn1b OS=Cyriopagopus hainanus OX=209901 PE=3 SV=1
sp|D2Y2F7|VKTF1_CYRHA     -          pdb_kunitz_rp_formatted -            5.2e-17   57.6   4.5   6.8e-17   57.3   4.5   1.1   1   0   0   1   1   1   1 Kunitz-type U15-theraphotoxin-Hhn1f OS=Cyriopagopus hainanus OX=209901 PE=3 SV=1
sp|P0DJ65|VKT7_CYRHA      -          pdb_kunitz_rp_formatted -            8.2e-17   57.0   3.5     1e-16   56.7   3.5   1.1   1   0   0   1   1   1   1 Kunitz-type U15-theraphotoxin-Hhn1h OS=Cyriopagopus hainanus OX=209901 PE=3 SV=1
sp|Q6UDR6|SPIT4_HUMAN     -          pdb_kunitz_rp_formatted -            1.5e-16   56.1   4.8   2.1e-16   55.7   4.8   1.2   1   0   0   1   1   1   1 Kunitz-type protease inhibitor 4 OS=Homo sapiens OX=9606 GN=SPINT4 PE=1 SV=1
sp|P0DMW9|VKT34_ACTEQ     -          pdb_kunitz_rp_formatted -            6.5e-16   54.1   1.9   6.7e-16   54.1   1.9   1.0   1   0   0   1   1   1   1 Kunitz-type proteinase inhibitor AEPI-IV (Fragment) OS=Actinia equina OX=6106 PE=1 SV=1
sp|D2Y2G2|VKTK1_CYRHA     -          pdb_kunitz_rp_formatted -            1.3e-15   53.2   4.2   1.6e-15   52.9   4.2   1.1   1   0   0   1   1   1   1 Kunitz-type U15-theraphotoxin-Hhn1k OS=Cyriopagopus hainanus OX=209901 PE=3 SV=1
sp|P0DJ68|VKT45_CYRHA     -          pdb_kunitz_rp_formatted -            1.3e-15   53.2   4.2   1.6e-15   52.9   4.2   1.1   1   0   0   1   1   1   1 Kunitz-type U15-theraphotoxin-Hhn1k OS=Cyriopagopus hainanus OX=209901 PE=3 SV=1
sp|P0DMW8|VKT33_ACTEQ     -          pdb_kunitz_rp_formatted -            3.4e-15   51.8   3.2   3.5e-15   51.8   3.2   1.0   1   0   0   1   1   1   1 Kunitz-type proteinase inhibitor AEPI-III (Fragment) OS=Actinia equina OX=6106 PE=1 SV=1
sp|M9PE65|AXO_DROME       -          pdb_kunitz_rp_formatted -            2.3e-14   49.2   7.2   7.2e-14   47.6   7.2   1.9   1   0   0   1   1   1   1 Axotactin OS=Drosophila melanogaster OX=7227 GN=axo PE=1 SV=1
sp|C0LNR2|VKT_VESBI       -          pdb_kunitz_rp_formatted -            2.9e-14   48.8   2.7   3.7e-14   48.5   2.7   1.2   1   0   0   1   1   1   1 Kunitz-type serine protease inhibitor bicolin OS=Vespa bicolor OX=619325 PE=1 SV=1
sp|Q2ES49|VKT2_DABRR      -          pdb_kunitz_rp_formatted -            2.7e-13   45.7   6.7   3.2e-13   45.5   6.7   1.1   1   0   0   1   1   1   1 Kunitz-type serine protease inhibitor 2 OS=Daboia russelii OX=8707 PE=2 SV=1
sp|Q09JW6|KUNI_ARGMO      -          pdb_kunitz_rp_formatted -            5.3e-13   44.8  12.8   5.3e-11   38.4   3.8   3.1   3   0   0   3   3   3   2 Monobin OS=Argas monolakensis OX=34602 GN=AM-28 PE=1 SV=1
sp|P0CAR0|VKTG1_MICPY     -          pdb_kunitz_rp_formatted -            1.1e-11   40.6   1.1   1.1e-11   40.6   1.1   1.0   1   0   0   1   1   1   1 Kunitz-type serine protease inhibitor G1 (Fragment) OS=Micrurus pyrrhocryptus OX=129468 PE=1 SV=1
sp|D9IFL3|KUN1_RHIHE      -          pdb_kunitz_rp_formatted -            2.5e-11   39.4   4.2   4.4e-11   38.6   4.2   1.4   1   0   0   1   1   1   1 Anticoagulant protein rhipilin-1 OS=Rhipicephalus haemaphysaloides OX=237073 PE=2 SV=1
sp|P26226|HTIA_MANSE      -          pdb_kunitz_rp_formatted -            2.9e-11   39.2   2.5   3.9e-11   38.8   2.5   1.2   1   0   0   1   1   1   1 Hemolymph trypsin inhibitor A (Fragment) OS=Manduca sexta OX=7130 PE=1 SV=1
sp|Q9BQY6|WFDC6_HUMAN     -          pdb_kunitz_rp_formatted -            1.5e-10   36.9   2.5   1.5e-10   36.9   2.5   1.7   2   0   0   2   2   1   1 WAP four-disulfide core domain protein 6 OS=Homo sapiens OX=9606 GN=WFDC6 PE=1 SV=1
sp|P86963|KCP2_PINMA      -          pdb_kunitz_rp_formatted -            4.9e-07   25.7  14.0     3e-06   23.2   9.9   3.6   2   1   1   3   3   2   1 BPTI/Kunitz domain-containing protein 2 OS=Pinctada maxima OX=104660 PE=1 SV=1
sp|O62247|BLI5_CAEEL      -          pdb_kunitz_rp_formatted -            9.5e-05   18.4   0.5   0.00028   16.9   0.5   1.9   1   0   0   1   1   1   1 Kunitz-type protein bli-5 OS=Caenorhabditis elegans OX=6239 GN=bli-5 PE=1 SV=1
#
# Program:         hmmsearch
# Version:         3.3.2 (Nov 2020)
# Pipeline mode:   SEARCH
# Query file:      structural_model.hmm
# Target file:     pos_2.fasta
# Option settings: hmmsearch --tblout pos_2.out --max -Z 1000 structural_model.hmm pos_2.fasta 
# Current dir:     /home/sofia_natale/PROGETTO_LAB/LAB1_project/data
# Date:            Thu May  8 10:46:42 2025
# [ok]
