#                                                                       --- full sequence ---- --- best 1 domain ---- --- domain number estimation ----
# target name             accession  query name              accession    E-value  score  bias   E-value  score  bias   exp reg clu  ov env dom rep inc description of target
#     ------------------- ----------    -------------------- ---------- --------- ------ ----- --------- ------ -----   --- --- --- --- --- --- --- --- ---------------------
sp|O76840|PPN1_CAEEL      -          pdb_kunitz_rp_formatted -           7.4e-183  588.8 146.0   2.8e-20   68.1   4.9  13.2  12   1   1  13  13  11  11 Papilin OS=Caenorhabditis elegans OX=6239 GN=mig-6 PE=1 SV=1
sp|Q28864|TFPI1_MACMU     -          pdb_kunitz_rp_formatted -            1.1e-71  232.7  40.5   4.2e-27   89.9   7.1   3.2   3   0   0   3   3   3   3 Tissue factor pathway inhibitor OS=Macaca mulatta OX=9544 GN=TFPI PE=2 SV=1
sp|Q02445|TFPI1_RAT       -          pdb_kunitz_rp_formatted -            2.8e-71  231.4  41.2   1.4e-25   85.0  10.5   3.2   3   0   0   3   3   3   3 Tissue factor pathway inhibitor OS=Rattus norvegicus OX=10116 GN=Tfpi PE=2 SV=1
sp|O54819|TFPI1_MOUSE     -          pdb_kunitz_rp_formatted -            3.3e-69  224.8  38.5   1.5e-25   85.0   5.5   3.1   3   0   0   3   3   3   3 Tissue factor pathway inhibitor OS=Mus musculus OX=10090 GN=Tfpi PE=2 SV=1
sp|P19761|TFPI1_RABIT     -          pdb_kunitz_rp_formatted -            1.2e-67  219.8  37.5   8.6e-26   85.8   5.9   3.2   3   0   0   3   3   3   3 Tissue factor pathway inhibitor OS=Oryctolagus cuniculus OX=9986 GN=TFPI PE=2 SV=2
sp|Q03610|YN81_CAEEL      -          pdb_kunitz_rp_formatted -            1.8e-61  200.0  64.6   1.6e-17   59.3   9.1   5.9   5   0   0   5   5   5   5 Uncharacterized protein ZC84.1 OS=Caenorhabditis elegans OX=6239 GN=ZC84.1 PE=3 SV=6
sp|Q7YRQ8|TFPI2_BOVIN     -          pdb_kunitz_rp_formatted -            2.3e-58  190.1  34.3   3.8e-27   90.1   5.8   3.1   3   0   0   3   3   3   3 Tissue factor pathway inhibitor 2 OS=Bos taurus OX=9913 GN=TFPI2 PE=2 SV=1
sp|P48307|TFPI2_HUMAN     -          pdb_kunitz_rp_formatted -            1.5e-53  174.6  33.0   8.4e-26   85.8   5.3   3.1   3   0   0   3   3   3   3 Tissue factor pathway inhibitor 2 OS=Homo sapiens OX=9606 GN=TFPI2 PE=1 SV=1
sp|O35536|TFPI2_MOUSE     -          pdb_kunitz_rp_formatted -            5.2e-49  160.1  25.7   1.1e-23   79.0   3.3   3.1   3   0   0   3   3   3   3 Tissue factor pathway inhibitor 2 OS=Mus musculus OX=10090 GN=Tfpi2 PE=2 SV=1
sp|W4VSH9|VKT1_TRILK      -          pdb_kunitz_rp_formatted -            3.4e-47  154.3  19.3   3.9e-25   83.7   5.4   2.2   2   0   0   2   2   2   2 Kunitz-type U19-barytoxin-Tl1a OS=Trittame loki OX=1295018 PE=2 SV=2
sp|Q8WPI3|KUNIG_RHIMP     -          pdb_kunitz_rp_formatted -            1.9e-46  151.9  21.8   6.4e-26   86.2   7.2   2.1   2   0   0   2   2   2   2 Boophilin-G2 OS=Rhipicephalus microplus OX=6941 PE=1 SV=1
sp|B6ZIW0|KUN_HAELO       -          pdb_kunitz_rp_formatted -            1.3e-45  149.2  28.1   1.1e-26   88.6   8.0   2.1   2   0   0   2   2   2   2 Thrombin inhibitor hemalin OS=Haemaphysalis longicornis OX=44386 PE=2 SV=1
sp|Q9WU03|SPIT2_MOUSE     -          pdb_kunitz_rp_formatted -            5.7e-45  147.2  17.4   7.8e-25   82.7   2.6   2.2   2   0   0   2   2   2   2 Kunitz-type protease inhibitor 2 OS=Mus musculus OX=10090 GN=Spint2 PE=1 SV=1
sp|P04365|IATR_HORSE      -          pdb_kunitz_rp_formatted -            2.2e-43  142.1  19.0     9e-23   76.1   5.7   2.0   1   1   1   2   2   2   2 Inter-alpha-trypsin inhibitor (Fragment) OS=Equus caballus OX=9796 PE=1 SV=2
sp|Q5VJG2|KUNI_AMBHE      -          pdb_kunitz_rp_formatted -            1.1e-42  139.9  23.7     3e-23   77.6   7.0   2.3   2   0   0   2   2   2   2 Amblin OS=Amblyomma hebraeum OX=34608 PE=1 SV=1
sp|O43278|SPIT1_HUMAN     -          pdb_kunitz_rp_formatted -            1.4e-42  139.5  18.7   1.9e-23   78.2   5.0   2.6   2   0   0   2   2   2   2 Kunitz-type protease inhibitor 1 OS=Homo sapiens OX=9606 GN=SPINT1 PE=1 SV=2
sp|P00978|AMBP_BOVIN      -          pdb_kunitz_rp_formatted -            1.2e-40  133.3  20.2     3e-21   71.2   6.3   2.4   1   1   1   2   2   2   2 Protein AMBP OS=Bos taurus OX=9913 GN=AMBP PE=1 SV=2
sp|Q60559|AMBP_MESAU      -          pdb_kunitz_rp_formatted -            1.9e-40  132.7  20.8   1.9e-21   71.8   5.8   2.3   1   1   1   2   2   2   2 Protein AMBP OS=Mesocricetus auratus OX=10036 GN=AMBP PE=1 SV=1
sp|P62757|IATR_SHEEP      -          pdb_kunitz_rp_formatted -            2.2e-40  132.5  22.1   6.7e-22   73.3   5.0   2.0   1   1   1   2   2   2   2 Inter-alpha-trypsin inhibitor (Fragment) OS=Ovis aries OX=9940 PE=1 SV=1
sp|B2BS84|VKT_AUSLA       -          pdb_kunitz_rp_formatted -            1.5e-39  129.8  19.1   1.3e-20   69.1   5.4   2.2   2   0   0   2   2   2   2 Putative Kunitz-type serine protease inhibitor OS=Austrelaps labialis OX=471292 PE=2 SV=1
sp|Q08E66|WFKN2_BOVIN     -          pdb_kunitz_rp_formatted -            1.8e-39  129.6  18.7   3.1e-24   80.8   5.0   3.2   2   1   0   2   2   2   2 WAP, Kazal, immunoglobulin, Kunitz and NTR domain-containing protein 2 OS=Bos taurus OX=9913 GN=WFIKKN2 PE=2 SV=1
sp|Q8TEU8|WFKN2_HUMAN     -          pdb_kunitz_rp_formatted -            3.4e-34  112.7  25.3     6e-23   76.6   6.0   3.4   3   1   0   3   3   2   2 WAP, Kazal, immunoglobulin, Kunitz and NTR domain-containing protein 2 OS=Homo sapiens OX=9606 GN=WFIKKN2 PE=1 SV=1
sp|Q6NUX0|WFKN_DANRE      -          pdb_kunitz_rp_formatted -            1.8e-33  110.4  15.3   3.8e-20   67.7   3.2   2.8   2   0   0   2   2   2   2 WAP, Kazal, immunoglobulin, Kunitz and NTR domain-containing protein OS=Danio rerio OX=7955 GN=wfikkn PE=2 SV=1
sp|A0A1D0BND9|TD1A_HADIN  -          pdb_kunitz_rp_formatted -            5.8e-30   99.1  21.2   1.6e-15   52.9  10.8   2.1   2   0   0   2   2   2   2 U13-hexatoxin-Hi1a OS=Hadronyche infensa OX=153481 PE=2 SV=1
sp|Q90WA1|VKT1_PSETT      -          pdb_kunitz_rp_formatted -            1.6e-29   97.7   5.2   1.8e-29   97.5   5.2   1.0   1   0   0   1   1   1   1 Kunitz-type serine protease inhibitor textilinin-1 OS=Pseudonaja textilis textilis OX=169397 PE=1 SV=1
sp|Q90WA0|VKT2_PSETT      -          pdb_kunitz_rp_formatted -            2.9e-29   96.9   3.2   3.3e-29   96.7   3.2   1.0   1   0   0   1   1   1   1 Kunitz-type serine protease inhibitor textilinin-2 OS=Pseudonaja textilis textilis OX=169397 PE=1 SV=1
sp|P00975|IBPS_BOVIN      -          pdb_kunitz_rp_formatted -            5.1e-29   96.1   7.5   5.5e-29   96.0   7.5   1.0   1   0   0   1   1   1   1 Serum basic protease inhibitor OS=Bos taurus OX=9913 PE=1 SV=1
sp|Q6ITB4|VKT2_OXYMI      -          pdb_kunitz_rp_formatted -            6.9e-29   95.7   5.0   7.8e-29   95.5   5.0   1.0   1   0   0   1   1   1   1 Kunitz-type serine protease inhibitor microlepidin-2 OS=Oxyuranus microlepidotus OX=111177 PE=2 SV=1
sp|Q6ITB9|VKT3_PSEAU      -          pdb_kunitz_rp_formatted -            8.2e-29   95.4   5.2   9.3e-29   95.3   5.2   1.0   1   0   0   1   1   1   1 Kunitz-type serine protease inhibitor mulgin-3 OS=Pseudechis australis OX=8670 PE=2 SV=1
sp|Q6ITB5|VKT1_OXYMI      -          pdb_kunitz_rp_formatted -            8.4e-29   95.4   3.4   9.5e-29   95.2   3.4   1.0   1   0   0   1   1   1   1 Kunitz-type serine protease inhibitor microlepidin-1 OS=Oxyuranus microlepidotus OX=111177 PE=2 SV=1
sp|P0DV05|VKT2O_RADCR     -          pdb_kunitz_rp_formatted -            1.5e-28   94.6   2.8   1.6e-28   94.5   2.8   1.0   1   0   0   1   1   1   1 PI-stichotoxin-Hcr2o OS=Radianthus crispa OX=3122430 PE=3 SV=1
sp|Q6T6T5|VKT1_BITGA      -          pdb_kunitz_rp_formatted -            2.5e-28   93.9   8.8     3e-28   93.6   8.8   1.1   1   0   0   1   1   1   1 Kunitz-type serine protease inhibitor bitisilin-1 OS=Bitis gabonica OX=8694 PE=1 SV=1
sp|P0DMJ6|VKT12_DENAN     -          pdb_kunitz_rp_formatted -            2.6e-28   93.8   6.0   2.7e-28   93.8   6.0   1.0   1   0   0   1   1   1   1 Kunitz-type serine protease inhibitor dendrotoxin DaE1 OS=Dendroaspis angusticeps OX=8618 PE=1 SV=1
sp|Q7LZS8|VKTRE_DENAN     -          pdb_kunitz_rp_formatted -            2.6e-28   93.8   6.0   2.7e-28   93.8   6.0   1.0   1   0   0   1   1   1   1 Kunitz-type serine protease inhibitor long epsilon-dendrotoxin Arg55 OS=Dendroaspis angusticeps OX=8618 PE=1 SV=1
sp|P04815|BPT2_BOVIN      -          pdb_kunitz_rp_formatted -            5.8e-28   92.7   8.1   7.6e-28   92.3   8.1   1.2   1   0   0   1   1   1   1 Spleen trypsin inhibitor I OS=Bos taurus OX=9913 PE=1 SV=2
sp|Q96NZ8|WFKN1_HUMAN     -          pdb_kunitz_rp_formatted -            6.3e-28   92.6   3.9   9.1e-21   69.7   0.4   2.8   2   0   0   2   2   2   2 WAP, Kazal, immunoglobulin, Kunitz and NTR domain-containing protein 1 OS=Homo sapiens OX=9606 GN=WFIKKN1 PE=1 SV=1
sp|P00984|VKTE_DENPO      -          pdb_kunitz_rp_formatted -            6.9e-28   92.5   5.7   7.3e-28   92.4   5.7   1.0   1   0   0   1   1   1   1 Kunitz-type serine protease inhibitor dendrotoxin E OS=Dendroaspis polylepis polylepis OX=8620 PE=1 SV=1
sp|C0HJU7|VKT2G_RADCR     -          pdb_kunitz_rp_formatted -              7e-28   92.5   3.4   7.3e-28   92.4   3.4   1.0   1   0   0   1   1   1   1 PI-stichotoxin-Hcr2g OS=Radianthus crispa OX=3122430 PE=1 SV=1
sp|P0DMJ5|VKT2E_RADCR     -          pdb_kunitz_rp_formatted -            7.7e-28   92.3   3.9   9.3e-28   92.1   3.9   1.1   1   0   0   1   1   1   1 PI-stichotoxin-Hcr2e OS=Radianthus crispa OX=3122430 PE=1 SV=1
sp|Q6ITB1|VKT_PSEPO       -          pdb_kunitz_rp_formatted -            1.1e-27   91.9   6.5   1.2e-27   91.7   6.5   1.0   1   0   0   1   1   1   1 Kunitz-type serine protease inhibitor blackelin OS=Pseudechis porphyriacus OX=8671 PE=2 SV=1
sp|B5KF96|VKT2_CRYNI      -          pdb_kunitz_rp_formatted -            1.4e-27   91.4   6.2   1.6e-27   91.3   6.2   1.0   1   0   0   1   1   1   1 Kunitz-type serine protease inhibitor nigrescinin-2 OS=Cryptophis nigrescens OX=292442 PE=2 SV=1
sp|C0HLB2|VKT_PSEPC       -          pdb_kunitz_rp_formatted -            1.9e-27   91.1   6.8   2.1e-27   90.9   6.8   1.0   1   0   0   1   1   1   1 Kunitz-type serine protease inhibitor PPTI OS=Pseudocerastes persicus OX=47769 PE=1 SV=1
sp|P0DN09|VKT5_ANEVI      -          pdb_kunitz_rp_formatted -            2.6e-27   90.6   6.6   3.2e-27   90.3   6.6   1.1   1   0   0   1   1   1   1 U-actitoxin-Avd3h OS=Anemonia viridis OX=51769 PE=3 SV=1
sp|Q90W99|VKT3_PSETT      -          pdb_kunitz_rp_formatted -            3.1e-27   90.4   7.9   3.5e-27   90.2   7.9   1.0   1   0   0   1   1   1   1 Kunitz-type serine protease inhibitor textilinin-3 OS=Pseudonaja textilis textilis OX=169397 PE=2 SV=1
sp|P0DN11|VKT7_ANEVI      -          pdb_kunitz_rp_formatted -            3.1e-27   90.4   5.4   3.8e-27   90.1   5.4   1.1   1   0   0   1   1   1   1 U-actitoxin-Avd3j OS=Anemonia viridis OX=51769 PE=3 SV=1
sp|P81129|VKT2_STIHL      -          pdb_kunitz_rp_formatted -            3.2e-27   90.3   8.2   3.4e-27   90.2   8.2   1.0   1   0   0   1   1   1   1 PI-stichotoxin-She2b OS=Stichodactyla helianthus OX=6123 PE=1 SV=1
sp|C0HJF4|VKT2C_RADCR     -          pdb_kunitz_rp_formatted -            3.7e-27   90.1   4.9   3.9e-27   90.1   4.9   1.0   1   0   0   1   1   1   1 TauPI-stichotoxin-Hcr2c OS=Radianthus crispa OX=3122430 PE=1 SV=1
sp|C0HLA6|MAMB3_DENPO     -          pdb_kunitz_rp_formatted -            4.1e-27   90.0   9.8   4.4e-27   89.9   9.8   1.0   1   0   0   1   1   1   1 Mambaquaretin-3 OS=Dendroaspis polylepis polylepis OX=8620 PE=1 SV=1
sp|P31713|VKT1_STIHL      -          pdb_kunitz_rp_formatted -            4.3e-27   89.9   7.3   4.6e-27   89.8   7.3   1.0   1   0   0   1   1   1   1 PI-stichotoxin-She2a OS=Stichodactyla helianthus OX=6123 PE=1 SV=1
sp|P00986|VKT2_NAJNI      -          pdb_kunitz_rp_formatted -            4.9e-27   89.7   4.2   5.2e-27   89.7   4.2   1.0   1   0   0   1   1   1   1 Kunitz-type serine protease inhibitor 2 OS=Naja nivea OX=8655 PE=1 SV=1
sp|B5KL37|VKT6_CRYNI      -          pdb_kunitz_rp_formatted -            5.4e-27   89.6   7.1   6.1e-27   89.4   7.1   1.0   1   0   0   1   1   1   1 Kunitz-type serine protease inhibitor nigrescinin-6 OS=Cryptophis nigrescens OX=292442 PE=2 SV=1
sp|Q6ITC0|VKT2_PSEAU      -          pdb_kunitz_rp_formatted -            5.5e-27   89.6   5.2   6.3e-27   89.4   5.2   1.0   1   0   0   1   1   1   1 Kunitz-type serine protease inhibitor mulgin-2 OS=Pseudechis australis OX=8670 PE=2 SV=1
sp|B5L5M7|IVBI_AUSSU      -          pdb_kunitz_rp_formatted -            8.7e-27   88.9   9.2     1e-26   88.8   9.2   1.0   1   0   0   1   1   1   1 Kunitz/BPTI-like toxin OS=Austrelaps superbus OX=29156 PE=3 SV=1
sp|P00981|VKTHK_DENPO     -          pdb_kunitz_rp_formatted -            1.1e-26   88.6   4.6   1.4e-26   88.3   4.6   1.0   1   0   0   1   1   1   1 Kunitz-type serine protease inhibitor homolog dendrotoxin K (Fragment) OS=Dendroaspis polylepis polylepis OX=8620 PE=1 SV=2
sp|A8Y7N9|VKTC6_DABSI     -          pdb_kunitz_rp_formatted -            1.6e-26   88.1   8.8   1.9e-26   87.9   8.8   1.1   1   0   0   1   1   1   1 Kunitz-type serine protease inhibitor C6 OS=Daboia siamensis OX=343250 PE=2 SV=1
sp|A0A6B7FBD3|VKT2I_RADCR -          pdb_kunitz_rp_formatted -            1.6e-26   88.1   6.4   1.6e-26   88.1   6.4   1.9   1   1   1   2   2   1   1 PI-stichotoxin-Hcr2i OS=Radianthus crispa OX=3122430 GN=iq2c1 PE=1 SV=1
sp|Q9TWF9|VKT2_ANESU      -          pdb_kunitz_rp_formatted -            1.6e-26   88.1   6.1   1.9e-26   87.9   6.1   1.0   1   0   0   1   1   1   1 KappaPI-actitoxin-Avd3c OS=Anemonia sulcata OX=6108 PE=1 SV=1
sp|P0DL86|VKT2H_RADCR     -          pdb_kunitz_rp_formatted -            1.7e-26   88.1   6.0   1.7e-26   88.0   6.0   1.0   1   0   0   1   1   1   1 PI-stichotoxin-Hcr2h OS=Radianthus crispa OX=3122430 PE=1 SV=1
sp|Q8T3S7|VKT1_ARAVE      -          pdb_kunitz_rp_formatted -            1.7e-26   88.0   5.8     2e-26   87.8   5.8   1.1   1   0   0   1   1   1   1 Kunitz-type U1-aranetoxin-Av1a OS=Araneus ventricosus OX=182803 PE=3 SV=1
sp|F8J2F4|VKT16_DRYCN     -          pdb_kunitz_rp_formatted -            1.9e-26   87.9   6.4   2.2e-26   87.7   6.4   1.0   1   0   0   1   1   1   1 Kunitz-type serine protease inhibitor 161 OS=Drysdalia coronoides OX=66186 PE=1 SV=1
sp|P00994|ISIK_HELPO      -          pdb_kunitz_rp_formatted -            1.9e-26   87.8   9.5   2.1e-26   87.7   9.5   1.0   1   0   0   1   1   1   1 Isoinhibitor K OS=Helix pomatia OX=6536 PE=1 SV=1
sp|B5L5R4|IVBI4_NOTSC     -          pdb_kunitz_rp_formatted -              2e-26   87.8   4.5   2.2e-26   87.6   4.5   1.0   1   0   0   1   1   1   1 Tigerin-4 OS=Notechis scutatus scutatus OX=70142 PE=3 SV=1
sp|P0DN13|VKT9_ANEVI      -          pdb_kunitz_rp_formatted -            2.1e-26   87.7   6.7   2.6e-26   87.4   6.7   1.1   1   0   0   1   1   1   1 U-actitoxin-Avd3l OS=Anemonia viridis OX=51769 PE=3 SV=1
sp|Q6T6S5|VKT2_BITGA      -          pdb_kunitz_rp_formatted -            2.3e-26   87.6  11.6   2.7e-26   87.4  11.6   1.1   1   0   0   1   1   1   1 Kunitz-type serine protease inhibitor bitisilin-2 OS=Bitis gabonica OX=8694 PE=1 SV=1
sp|B2G331|VKT2B_RADCR     -          pdb_kunitz_rp_formatted -            2.4e-26   87.6   4.9   2.9e-26   87.3   4.9   1.1   1   0   0   1   1   1   1 TauPI-stichotoxin-Hcr2b OS=Radianthus crispa OX=3122430 PE=1 SV=1
sp|P86862|VKT1_ANTEL      -          pdb_kunitz_rp_formatted -            2.6e-26   87.4   9.4   3.3e-26   87.1   9.4   1.0   1   0   0   1   1   1   1 KappaPI-actitoxin-Ael3a OS=Anthopleura elegantissima OX=6110 PE=1 SV=1
sp|Q6ITB3|VKT1_NOTSC      -          pdb_kunitz_rp_formatted -              3e-26   87.2   3.1   3.3e-26   87.1   3.1   1.0   1   0   0   1   1   1   1 Kunitz-type serine protease inhibitor tigerin-1 OS=Notechis scutatus scutatus OX=70142 PE=2 SV=1
sp|B5KL33|VKT2_TROCA      -          pdb_kunitz_rp_formatted -              3e-26   87.2   3.1   3.3e-26   87.1   3.1   1.0   1   0   0   1   1   1   1 Kunitz-type serine protease inhibitor carinatin-2 OS=Tropidechis carinatus OX=100989 PE=2 SV=1
sp|P0DV06|VKT2P_RADCR     -          pdb_kunitz_rp_formatted -            3.1e-26   87.2   4.0   3.3e-26   87.1   4.0   1.0   1   0   0   1   1   1   1 PI-stichotoxin-Hcr2p OS=Radianthus crispa OX=3122430 PE=3 SV=1
sp|P0DN10|VKT6_ANEVI      -          pdb_kunitz_rp_formatted -            3.2e-26   87.1   7.3   3.9e-26   86.9   7.3   1.1   1   0   0   1   1   1   1 U-actitoxin-Avd3i OS=Anemonia viridis OX=51769 PE=3 SV=1
sp|P00980|VKTHA_DENAN     -          pdb_kunitz_rp_formatted -            3.4e-26   87.1   6.6   3.6e-26   87.0   6.6   1.0   1   0   0   1   1   1   1 Kunitz-type serine protease inhibitor homolog alpha-dendrotoxin OS=Dendroaspis angusticeps OX=8618 PE=1 SV=1
sp|A6MFL1|VKT1_DEMVE      -          pdb_kunitz_rp_formatted -            3.6e-26   87.0   5.8   4.1e-26   86.8   5.8   1.0   1   0   0   1   1   1   1 Kunitz-type serine protease inhibitor vestiginin-1 OS=Demansia vestigiata OX=412038 PE=2 SV=1
sp|P0DN17|VKTD_ANEVI      -          pdb_kunitz_rp_formatted -            3.7e-26   86.9   6.9   4.6e-26   86.6   6.9   1.1   1   0   0   1   1   1   1 U-actitoxin-Avd3p OS=Anemonia viridis OX=51769 PE=3 SV=1
sp|P79307|A4_PIG          -          pdb_kunitz_rp_formatted -              4e-26   86.8   5.1   8.2e-26   85.8   5.1   1.5   1   0   0   1   1   1   1 Amyloid-beta precursor protein OS=Sus scrofa OX=9823 GN=APP PE=2 SV=2
sp|Q6ITC1|VKTH1_PSEAU     -          pdb_kunitz_rp_formatted -            4.2e-26   86.8   6.1   4.7e-26   86.6   6.1   1.0   1   0   0   1   1   1   1 Kunitz-type serine protease inhibitor homolog mulgin-1 OS=Pseudechis australis OX=8670 PE=2 SV=1
sp|P05067|A4_HUMAN        -          pdb_kunitz_rp_formatted -            4.3e-26   86.7   5.1   8.2e-26   85.8   5.1   1.4   1   0   0   1   1   1   1 Amyloid-beta precursor protein OS=Homo sapiens OX=9606 GN=APP PE=1 SV=3
sp|P53601|A4_MACFA        -          pdb_kunitz_rp_formatted -            4.4e-26   86.7   5.1   8.2e-26   85.8   5.1   1.5   1   0   0   1   1   1   1 Amyloid-beta precursor protein OS=Macaca fascicularis OX=9541 GN=APP PE=2 SV=3
sp|P81547|VKT1_ANTAF      -          pdb_kunitz_rp_formatted -            4.4e-26   86.7   7.2     5e-26   86.5   7.2   1.0   1   0   0   1   1   1   1 PI-actitoxin-Axm2a OS=Anthopleura aff. xanthogrammica OX=152178 PE=1 SV=1
sp|A6MFL3|VKT3_DEMVE      -          pdb_kunitz_rp_formatted -            4.9e-26   86.6   4.4   5.5e-26   86.4   4.4   1.0   1   0   0   1   1   1   1 Kunitz-type serine protease inhibitor vestiginin-3 OS=Demansia vestigiata OX=412038 PE=1 SV=1
sp|A0A3G2FQK2|3DPD_HETMG  -          pdb_kunitz_rp_formatted -            5.1e-26   86.5   6.8   5.1e-26   86.5   6.8   1.7   1   1   1   2   2   1   1 PI-stichotoxin-Hmg3d (Fragment) OS=Heteractis magnifica OX=38281 PE=1 SV=1
sp|Q9GP15|IRCPI_IXORI     -          pdb_kunitz_rp_formatted -            5.5e-26   86.4   6.4   6.7e-26   86.1   6.4   1.1   1   0   0   1   1   1   1 Kunitz-type anticoagulant protein Ir-CPI OS=Ixodes ricinus OX=34613 GN=CPI PE=2 SV=1
sp|B4ESA3|VKT2L_BUNMU     -          pdb_kunitz_rp_formatted -            5.5e-26   86.4   6.4   6.2e-26   86.2   6.4   1.0   1   0   0   1   1   1   1 Kunitz-type serine protease inhibitor PILP-2 OS=Bungarus multicinctus OX=8616 PE=3 SV=1
sp|E7FL12|VKT2_PSERS      -          pdb_kunitz_rp_formatted -            6.1e-26   86.2   5.3   6.9e-26   86.1   5.3   1.0   1   0   0   1   1   1   1 Kunitz serine protease inhibitor Pr-mulgin 2 OS=Pseudechis rossignolii OX=1489342 PE=2 SV=1
sp|B5KL31|VKT3_PSEPO      -          pdb_kunitz_rp_formatted -            7.2e-26   86.0   5.8   8.1e-26   85.8   5.8   1.0   1   0   0   1   1   1   1 Kunitz-type serine protease inhibitor blackelin-3 OS=Pseudechis porphyriacus OX=8671 PE=2 SV=1
sp|P0DMJ4|VKTI3_ANTFU     -          pdb_kunitz_rp_formatted -            7.5e-26   86.0   5.6   7.9e-26   85.9   5.6   1.0   1   0   0   1   1   1   1 PI-actitoxin-Afv2b OS=Anthopleura fuscoviridis OX=6111 PE=1 SV=1
sp|B5KL30|VKT4_OXYSC      -          pdb_kunitz_rp_formatted -            1.3e-25   85.2   3.1   1.5e-25   85.0   3.1   1.0   1   0   0   1   1   1   1 Kunitz-type serine protease inhibitor scutellin-4 OS=Oxyuranus scutellatus scutellatus OX=8667 PE=2 SV=1
sp|Q60495|A4_CAVPO        -          pdb_kunitz_rp_formatted -            1.5e-25   85.0   5.1   3.1e-25   84.0   5.1   1.5   1   0   0   1   1   1   1 Amyloid-beta precursor protein OS=Cavia porcellus OX=10141 GN=APP PE=1 SV=2
sp|P25660|VKT9_BUNFA      -          pdb_kunitz_rp_formatted -            1.7e-25   84.8   8.1   1.9e-25   84.6   8.1   1.0   1   0   0   1   1   1   1 Kunitz-type serine protease inhibitor IX OS=Bungarus fasciatus OX=8613 PE=1 SV=1
sp|P12111|CO6A3_HUMAN     -          pdb_kunitz_rp_formatted -            1.9e-25   84.7   5.2   3.9e-25   83.7   5.2   1.6   1   0   0   1   1   1   1 Collagen alpha-3(VI) chain OS=Homo sapiens OX=9606 GN=COL6A3 PE=1 SV=5
sp|B2KTG1|VKT_BUNFA       -          pdb_kunitz_rp_formatted -            2.2e-25   84.4   7.4   2.7e-25   84.2   7.4   1.0   1   0   0   1   1   1   1 Kunitz-type serine protease inhibitor bungaruskunin OS=Bungarus fasciatus OX=8613 PE=1 SV=1
sp|P0DMJ2|VKT3C_ACTEQ     -          pdb_kunitz_rp_formatted -            2.6e-25   84.2   7.9     3e-25   84.0   7.9   1.0   1   0   0   1   1   1   1 PI-actitoxin-Aeq3c OS=Actinia equina OX=6106 PE=1 SV=1
sp|A6MFL2|VKT2_DEMVE      -          pdb_kunitz_rp_formatted -            2.7e-25   84.2   6.8     3e-25   84.0   6.8   1.0   1   0   0   1   1   1   1 Kunitz-type serine protease inhibitor vestiginin-2 OS=Demansia vestigiata OX=412038 PE=2 SV=1
sp|P0DKL8|VKT_VIPRE       -          pdb_kunitz_rp_formatted -            2.8e-25   84.1   8.0   3.1e-25   84.0   8.0   1.0   1   0   0   1   1   1   1 Kunitz-type serine protease inhibitor Vur-KIn OS=Vipera renardi OX=927686 PE=1 SV=1
sp|A8Y7N6|VKTC3_DABSI     -          pdb_kunitz_rp_formatted -            2.9e-25   84.1   8.3   3.3e-25   83.9   8.3   1.0   1   0   0   1   1   1   1 Kunitz-type serine protease inhibitor C3 OS=Daboia siamensis OX=343250 PE=2 SV=1
sp|A5X2X1|VKT_SISCA       -          pdb_kunitz_rp_formatted -            3.6e-25   83.8   9.0   3.6e-25   83.8   9.0   1.6   2   0   0   2   2   1   1 Fused toxin protein OS=Sistrurus catenatus edwardsii OX=8762 PE=2 SV=1
sp|P0DN07|VKT4_ANEVI      -          pdb_kunitz_rp_formatted -            3.8e-25   83.7   7.9   4.7e-25   83.4   7.9   1.1   1   0   0   1   1   1   1 U-actitoxin-Avd3g OS=Anemonia viridis OX=51769 PE=3 SV=1
sp|A8Y7N7|VKTC4_DABSI     -          pdb_kunitz_rp_formatted -            4.3e-25   83.5   8.2   4.9e-25   83.3   8.2   1.1   1   0   0   1   1   1   1 Kunitz-type serine protease inhibitor C4 OS=Daboia siamensis OX=343250 PE=2 SV=1
sp|P81658|VKTHC_DENAN     -          pdb_kunitz_rp_formatted -            4.9e-25   83.4   5.7   5.2e-25   83.3   5.7   1.0   1   0   0   1   1   1   1 Kunitz-type serine protease inhibitor homolog calcicludine OS=Dendroaspis angusticeps OX=8618 PE=1 SV=1
sp|P00979|VKTH1_DENPO     -          pdb_kunitz_rp_formatted -              5e-25   83.3   6.7   5.7e-25   83.1   6.7   1.0   1   0   0   1   1   1   1 Kunitz-type serine protease inhibitor homolog dendrotoxin I OS=Dendroaspis polylepis polylepis OX=8620 PE=1 SV=2
sp|Q06481|APLP2_HUMAN     -          pdb_kunitz_rp_formatted -            5.5e-25   83.2   3.0   5.5e-25   83.2   3.0   2.3   3   0   0   3   3   1   1 Amyloid beta precursor like protein 2 OS=Homo sapiens OX=9606 GN=APLP2 PE=1 SV=2
sp|A8Y7N5|VKTC2_DABSI     -          pdb_kunitz_rp_formatted -            6.9e-25   82.9   6.2   7.8e-25   82.7   6.2   1.0   1   0   0   1   1   1   1 Kunitz-type serine protease inhibitor C2 OS=Daboia siamensis OX=343250 PE=2 SV=1
sp|F6ULY1|WFC6B_MOUSE     -          pdb_kunitz_rp_formatted -            8.1e-25   82.6   0.9   1.9e-24   81.4   0.9   1.6   1   0   0   1   1   1   1 WAP four-disulfide core domain protein 6B OS=Mus musculus OX=10090 GN=Wfdc6b PE=2 SV=1
sp|E5AJX3|VKT_VIPNI       -          pdb_kunitz_rp_formatted -            9.1e-25   82.5   9.2   1.1e-24   82.3   9.2   1.1   1   0   0   1   1   1   1 Kunitz-type serine protease inhibitor ki-VN OS=Vipera nikolskii OX=1808362 PE=2 SV=1
sp|Q8AY43|VKTA_BUNCA      -          pdb_kunitz_rp_formatted -            1.1e-24   82.3   9.4   1.2e-24   82.1   9.4   1.1   1   0   0   1   1   1   1 Kunitz-type serine protease inhibitor A OS=Bungarus candidus OX=92438 PE=2 SV=2
sp|P00990|VKT2_DABSI      -          pdb_kunitz_rp_formatted -            1.1e-24   82.2   8.3   1.2e-24   82.1   8.3   1.0   1   0   0   1   1   1   1 Kunitz-type serine protease inhibitor 2 OS=Daboia siamensis OX=343250 PE=1 SV=1
sp|H2A0N1|KCP2_PINMG      -          pdb_kunitz_rp_formatted -            1.4e-24   81.9  16.3   2.2e-13   46.0   4.1   2.2   2   0   0   2   2   2   2 BPTI/Kunitz domain-containing protein 2 OS=Margaritifera margaritifera OX=102329 PE=1 SV=1
sp|P0DN18|VKTE_ANEVI      -          pdb_kunitz_rp_formatted -            1.6e-24   81.7   7.6   1.9e-24   81.5   7.6   1.1   1   0   0   1   1   1   1 U-actitoxin-Avd3q OS=Anemonia viridis OX=51769 PE=3 SV=1
sp|C8YJ95|KUN3_TABYA      -          pdb_kunitz_rp_formatted -            1.6e-24   81.7   8.4   1.8e-24   81.5   8.4   1.1   1   0   0   1   1   1   1 Tabkunin 2 OS=Tabanus yao OX=485572 PE=1 SV=1
sp|A7X3V4|VKT1_TELDH      -          pdb_kunitz_rp_formatted -            1.7e-24   81.6  10.7   1.9e-24   81.4  10.7   1.1   1   0   0   1   1   1   1 Kunitz-type serine protease inhibitor kunitoxin-Tel1 OS=Telescopus dhara OX=338837 PE=2 SV=1
sp|A8Y7P4|VKTB4_DABSI     -          pdb_kunitz_rp_formatted -            1.7e-24   81.6   6.4     2e-24   81.4   6.4   1.0   1   0   0   1   1   1   1 Kunitz-type serine protease inhibitor B4 OS=Daboia siamensis OX=343250 PE=2 SV=1
sp|Q1RPT0|VKTH4_BUNMU     -          pdb_kunitz_rp_formatted -            1.7e-24   81.6   6.4   2.1e-24   81.3   6.4   1.1   1   0   0   1   1   1   1 Kunitz-type serine protease inhibitor homolog beta-bungarotoxin B4 chain OS=Bungarus multicinctus OX=8616 PE=1 SV=1
sp|Q8AY44|VKTH7_BUNCA     -          pdb_kunitz_rp_formatted -            2.1e-24   81.3   6.0   2.4e-24   81.1   6.0   1.0   1   0   0   1   1   1   1 Kunitz-type serine protease inhibitor homolog beta-bungarotoxin B2b chain OS=Bungarus candidus OX=92438 PE=2 SV=2
sp|A8Y7P1|VKTB1_DABSI     -          pdb_kunitz_rp_formatted -            2.5e-24   81.1   6.5   2.9e-24   80.9   6.5   1.0   1   0   0   1   1   1   1 Kunitz-type serine protease inhibitor B1 OS=Daboia siamensis OX=343250 PE=1 SV=1
sp|A8Y7N4|VKTC1_DABSI     -          pdb_kunitz_rp_formatted -            2.9e-24   80.9   9.3   3.4e-24   80.7   9.3   1.1   1   0   0   1   1   1   1 Kunitz-type serine protease inhibitor C1 OS=Daboia siamensis OX=343250 PE=2 SV=1
sp|C1IBY4|KUN1_TABYA      -          pdb_kunitz_rp_formatted -              3e-24   80.8   9.2   3.3e-24   80.7   9.2   1.1   1   0   0   1   1   1   1 Tabkunin 1 OS=Tabanus yao OX=485572 PE=3 SV=1
sp|B5KL27|VKT3_OXYMI      -          pdb_kunitz_rp_formatted -            3.6e-24   80.6   4.0     4e-24   80.4   4.0   1.0   1   0   0   1   1   1   1 Kunitz-type serine protease inhibitor microlepidin-3 OS=Oxyuranus microlepidotus OX=111177 PE=2 SV=1
sp|Q2ES48|VKT3_DABRR      -          pdb_kunitz_rp_formatted -            3.7e-24   80.5   7.3   4.2e-24   80.4   7.3   1.0   1   0   0   1   1   1   1 Kunitz-type serine protease inhibitor 3 OS=Daboia russelii OX=8707 PE=2 SV=1
sp|A8Y7N8|VKTC5_DABSI     -          pdb_kunitz_rp_formatted -            4.1e-24   80.4   8.9   4.7e-24   80.2   8.9   1.1   1   0   0   1   1   1   1 Kunitz-type serine protease inhibitor C5 OS=Daboia siamensis OX=343250 PE=2 SV=1
sp|B5KL29|VKT3_OXYSC      -          pdb_kunitz_rp_formatted -            5.4e-24   80.0   4.3   6.1e-24   79.8   4.3   1.0   1   0   0   1   1   1   1 Kunitz-type serine protease inhibitor scutellin-3 OS=Oxyuranus scutellatus scutellatus OX=8667 PE=2 SV=1
sp|D4A2Z2|EPPI_RAT        -          pdb_kunitz_rp_formatted -            6.9e-24   79.7   9.0   1.9e-23   78.3   9.0   1.8   1   0   0   1   1   1   1 Eppin OS=Rattus norvegicus OX=10116 GN=Eppin PE=3 SV=1
sp|B5M0W4|SV66_SIMVI      -          pdb_kunitz_rp_formatted -            7.2e-24   79.6   7.9     9e-24   79.3   7.9   1.1   1   0   0   1   1   1   1 Simukunin OS=Simulium vittatum OX=7192 PE=1 SV=1
sp|Q5ZPJ7|VKT_NAJAT       -          pdb_kunitz_rp_formatted -            1.2e-23   78.9   9.3   1.3e-23   78.7   9.3   1.0   1   0   0   1   1   1   1 Kunitz-type serine protease inhibitor NACI OS=Naja atra OX=8656 PE=1 SV=1
sp|A8Y7P2|VKTB2_DABSI     -          pdb_kunitz_rp_formatted -            1.3e-23   78.8   8.7   1.5e-23   78.6   8.7   1.0   1   0   0   1   1   1   1 Kunitz-type serine protease inhibitor B2 OS=Daboia siamensis OX=343250 PE=2 SV=1
sp|P26228|SBPI_SARBU      -          pdb_kunitz_rp_formatted -            1.7e-23   78.4   6.3     2e-23   78.2   6.3   1.0   1   0   0   1   1   1   1 Protease inhibitor OS=Sarcophaga bullata OX=7385 PE=1 SV=1
sp|O93279|A4_TAKRU        -          pdb_kunitz_rp_formatted -              2e-23   78.2   3.4   3.8e-23   77.3   3.4   1.5   1   0   0   1   1   1   1 Amyloid-beta A4 protein OS=Takifugu rubripes OX=31033 GN=app PE=3 SV=1
sp|F5GTK6|VKGUA_SIMGU     -          pdb_kunitz_rp_formatted -            2.6e-23   77.8   8.2   3.8e-23   77.3   8.2   1.3   1   0   0   1   1   1   1 Guianensin OS=Simulium guianense OX=445764 PE=1 SV=1
sp|B2KTG3|VKTH2_BUNFA     -          pdb_kunitz_rp_formatted -            3.8e-23   77.3   9.6   4.3e-23   77.1   9.6   1.0   1   0   0   1   1   1   1 Kunitz-type serine protease inhibitor homolog beta-bungarotoxin BF B2 chain OS=Bungarus fasciatus OX=8613 PE=2 SV=1
sp|Q7T2Q6|VKTHB_BUNFL     -          pdb_kunitz_rp_formatted -            4.1e-23   77.2   9.3   4.7e-23   77.0   9.3   1.0   1   0   0   1   1   1   1 Kunitz-type serine protease inhibitor homolog beta-bungarotoxin B chain OS=Bungarus flaviceps flaviceps OX=8615 PE=1 SV=1
sp|H2A0N5|KCP3_PINMG      -          pdb_kunitz_rp_formatted -            4.6e-23   77.0  19.3   1.1e-12   43.8   4.7   2.2   2   0   0   2   2   2   2 BPTI/Kunitz domain-containing protein 3 OS=Margaritifera margaritifera OX=102329 PE=1 SV=1
sp|P82966|VKTCI_OPHHA     -          pdb_kunitz_rp_formatted -            8.7e-23   76.1   5.3   9.9e-23   76.0   5.3   1.0   1   0   0   1   1   1   1 Kunitz-type serine protease inhibitor OS=Ophiophagus hannah OX=8665 PE=1 SV=2
sp|B5L5R6|IVBI3_HOPST     -          pdb_kunitz_rp_formatted -            1.1e-22   75.9   5.2   1.2e-22   75.7   5.2   1.1   1   0   0   1   1   1   1 Stephenin-3 OS=Hoplocephalus stephensii OX=196418 PE=3 SV=2
sp|C8YJ97|KUN5_TABYA      -          pdb_kunitz_rp_formatted -            1.1e-22   75.8   9.5   1.2e-22   75.6   9.5   1.1   1   0   0   1   1   1   1 Tabkunin 5 OS=Tabanus yao OX=485572 PE=3 SV=1
sp|P0DJ45|VKT22_LYCMC     -          pdb_kunitz_rp_formatted -            1.2e-22   75.7   7.4   1.5e-22   75.4   7.4   1.1   1   0   0   1   1   1   1 Kunitz-type serine protease inhibitor LmKTT-1b OS=Lychas mucronatus OX=172552 PE=2 SV=1
sp|D2Y489|VKT1B_CONCL     -          pdb_kunitz_rp_formatted -              2e-22   75.0   4.5   2.2e-22   74.9   4.5   1.0   1   0   0   1   1   1   1 Kunitz-type serine protease inhibitor conotoxin Cal9.1b (Fragment) OS=Californiconus californicus OX=1736779 PE=2 SV=1
sp|Q9BDL1|EPPI_MACMU      -          pdb_kunitz_rp_formatted -            2.2e-22   74.8   8.1     5e-22   73.7   8.1   1.6   1   0   0   1   1   1   1 Eppin OS=Macaca mulatta OX=9544 GN=EPPIN PE=2 SV=1
sp|Q9DA01|EPPI_MOUSE      -          pdb_kunitz_rp_formatted -              3e-22   74.4   9.3   7.2e-22   73.2   9.3   1.7   1   0   0   1   1   1   1 Eppin OS=Mus musculus OX=10090 GN=Eppin PE=1 SV=1
sp|P49223|SPIT3_HUMAN     -          pdb_kunitz_rp_formatted -            3.3e-22   74.3   9.3   4.5e-22   73.9   9.3   1.1   1   0   0   1   1   1   1 Kunitz-type protease inhibitor 3 OS=Homo sapiens OX=9606 GN=SPINT3 PE=1 SV=3
sp|P0DJ48|VKT23_LYCMC     -          pdb_kunitz_rp_formatted -            4.1e-22   74.0   7.9   4.5e-22   73.9   7.9   1.0   1   0   0   1   1   1   1 Kunitz-type serine protease inhibitor LmKTT-1c OS=Lychas mucronatus OX=172552 PE=2 SV=1
sp|P86959|KCP1_PINMA      -          pdb_kunitz_rp_formatted -            4.2e-22   73.9   9.5   7.5e-22   73.1   9.5   1.4   1   0   0   1   1   1   1 BPTI/Kunitz domain-containing protein 1 OS=Pinctada maxima OX=104660 PE=1 SV=1
sp|Q29143|ELAC_TRIVU      -          pdb_kunitz_rp_formatted -              5e-22   73.7   3.0   6.9e-22   73.3   3.0   1.2   1   0   0   1   1   1   1 Early lactation protein OS=Trichosurus vulpecula OX=9337 GN=ELP PE=1 SV=1
sp|P86964|KCP3_PINMA      -          pdb_kunitz_rp_formatted -              7e-22   73.2  21.6   8.4e-12   41.0   6.2   2.2   2   0   0   2   2   2   2 BPTI/Kunitz domain-containing protein 3 OS=Pinctada maxima OX=104660 PE=1 SV=1
sp|B5L5Q6|VKT5_OXYMI      -          pdb_kunitz_rp_formatted -            1.1e-21   72.6   2.0   1.3e-21   72.4   2.0   1.0   1   0   0   1   1   1   1 Kunitz-type serine protease inhibitor microlepidin-5 OS=Oxyuranus microlepidotus OX=111177 PE=3 SV=1
sp|P0DN16|VKTC_ANEVI      -          pdb_kunitz_rp_formatted -            1.4e-21   72.3  11.5   1.7e-21   72.0  11.5   1.1   1   0   0   1   1   1   1 U-actitoxin-Avd3o OS=Anemonia viridis OX=51769 PE=3 SV=1
sp|P0DJ49|VKT24_OLIMR     -          pdb_kunitz_rp_formatted -            1.5e-21   72.2   6.9   1.6e-21   72.1   6.9   1.0   1   0   0   1   1   1   1 Kunitz-type serine protease inhibitor BmKTT-1 OS=Olivierus martensii OX=34649 PE=3 SV=1
sp|P16344|VKT2A_RADCR     -          pdb_kunitz_rp_formatted -            1.6e-21   72.1   2.1   1.8e-21   71.9   2.1   1.1   1   0   0   1   1   1   1 PI-stichotoxin-Hcr2a OS=Radianthus crispa OX=3122430 PE=1 SV=1
sp|P26227|HTIB_MANSE      -          pdb_kunitz_rp_formatted -            3.3e-21   71.1   3.0   3.5e-21   71.0   3.0   1.0   1   0   0   1   1   1   1 Hemolymph trypsin inhibitor B (Fragment) OS=Manduca sexta OX=7130 PE=1 SV=1
sp|B2ZBB6|VKT11_CYRSC     -          pdb_kunitz_rp_formatted -            6.4e-21   70.2   7.6   7.8e-21   69.9   7.6   1.1   1   0   0   1   1   1   1 Kunitz-type kappaPI-theraphotoxin-Hs1b OS=Cyriopagopus schmidti OX=29017 PE=3 SV=1
sp|P0DJ66|VKT17_CYRHA     -          pdb_kunitz_rp_formatted -            9.6e-21   69.6   9.1   1.5e-20   69.0   9.1   1.3   1   0   0   1   1   1   1 Kunitz-type serine protease inhibitor HNTX-03141017 (Fragment) OS=Cyriopagopus hainanus OX=209901 PE=2 SV=1
sp|P10831|ISC1_BOMMO      -          pdb_kunitz_rp_formatted -            2.7e-20   68.2   7.8   2.9e-20   68.0   7.8   1.1   1   0   0   1   1   1   1 Chymotrypsin inhibitor SCI-I OS=Bombyx mori OX=7091 PE=1 SV=1
sp|P11424|IMAP_DROFU      -          pdb_kunitz_rp_formatted -              4e-20   67.6   3.3   4.4e-20   67.5   3.3   1.1   1   0   0   1   1   1   1 Male accessory gland serine protease inhibitor OS=Drosophila funebris OX=7221 GN=PapD PE=1 SV=1
sp|Q9EPX2|PPN_MOUSE       -          pdb_kunitz_rp_formatted -            4.1e-20   67.6   5.4     2e-19   65.4   5.4   2.3   1   0   0   1   1   1   1 Papilin OS=Mus musculus OX=10090 GN=Papln PE=2 SV=2
sp|O95428|PPN_HUMAN       -          pdb_kunitz_rp_formatted -            4.3e-20   67.5   4.2     2e-19   65.4   4.2   2.2   1   0   0   1   1   1   1 Papilin OS=Homo sapiens OX=9606 GN=PAPLN PE=1 SV=4
sp|Q8T0W4|VKT2_PIMHY      -          pdb_kunitz_rp_formatted -            8.2e-20   66.6   2.7   1.1e-19   66.2   2.7   1.2   1   0   0   1   1   1   1 Kunitz-type serine protease inhibitor cvp2 OS=Pimpla hypochondriaca OX=135724 PE=1 SV=1
sp|D2Y2Q2|VKTM1_CYRHA     -          pdb_kunitz_rp_formatted -            1.1e-19   66.2   5.9   1.3e-19   66.0   5.9   1.1   1   0   0   1   1   1   1 Kunitz-type U15-theraphotoxin-Hhn1m OS=Cyriopagopus hainanus OX=209901 PE=3 SV=1
sp|Q75S49|VKTH4_BUNCA     -          pdb_kunitz_rp_formatted -            1.6e-19   65.7   8.2   1.9e-19   65.5   8.2   1.1   1   0   0   1   1   1   1 Kunitz-type serine protease inhibitor homolog beta-bungarotoxin B4 chain (Fragment) OS=Bungarus candidus OX=92438 PE=2 SV=1
sp|P0DJ82|VKT27_CYRSC     -          pdb_kunitz_rp_formatted -              3e-19   64.8   9.4   3.7e-19   64.5   9.4   1.1   1   0   0   1   1   1   1 Kunitz-type kappaPI-theraphotoxin-Hs1c OS=Cyriopagopus schmidti OX=29017 PE=3 SV=1
sp|Q9W728|VKTH3_BUNMU     -          pdb_kunitz_rp_formatted -            4.8e-19   64.2   9.0   5.7e-19   63.9   9.0   1.1   1   0   0   1   1   1   1 Kunitz-type serine protease inhibitor homolog beta-bungarotoxin B3 chain OS=Bungarus multicinctus OX=8616 PE=2 SV=1
sp|P00987|VKTH1_BUNMU     -          pdb_kunitz_rp_formatted -            7.3e-19   63.6   8.6   8.6e-19   63.3   8.6   1.1   1   0   0   1   1   1   1 Kunitz-type serine protease inhibitor homolog beta-bungarotoxin B1 chain, major component OS=Bungarus multicinctus OX=8616 PE=1 SV=2
sp|P81906|ISPI2_GALME     -          pdb_kunitz_rp_formatted -            8.3e-19   63.4   1.0     9e-19   63.3   1.0   1.0   1   0   0   1   1   1   1 Inducible serine protease inhibitor 2 (Fragment) OS=Galleria mellonella OX=7137 PE=1 SV=1
sp|B2ZBC0|VKTG9_CYRSC     -          pdb_kunitz_rp_formatted -            9.9e-19   63.2   2.6   1.2e-18   62.9   2.6   1.1   1   0   0   1   1   1   1 Kunitz-type U15-theraphotoxin-Hs1c OS=Cyriopagopus schmidti OX=29017 PE=3 SV=1
sp|P07481|ISC3_BOMMO      -          pdb_kunitz_rp_formatted -            1.2e-18   62.8   7.3   1.4e-18   62.7   7.3   1.1   1   0   0   1   1   1   1 Chymotrypsin inhibitor SCI-III OS=Bombyx mori OX=7091 PE=1 SV=1
sp|O73683|A4_DICFU        -          pdb_kunitz_rp_formatted -            1.4e-18   62.6   0.8   2.7e-18   61.7   0.8   1.5   1   0   0   1   1   1   1 Amyloid-beta A4 protein OS=Dichotomyctere fluviatilis OX=2593188 GN=app PE=2 SV=1
sp|B4ESA2|VKT1L_BUNMU     -          pdb_kunitz_rp_formatted -              3e-18   61.6   6.0   3.4e-18   61.4   6.0   1.0   1   0   0   1   1   1   1 Kunitz-type serine protease inhibitor PILP-1 OS=Bungarus multicinctus OX=8616 PE=3 SV=1
sp|D2Y2Q6|VKTO1_CYRHA     -          pdb_kunitz_rp_formatted -            3.2e-18   61.5   4.1   3.9e-18   61.3   4.1   1.1   1   0   0   1   1   1   1 Kunitz-type U15-theraphotoxin-Hhn1o OS=Cyriopagopus hainanus OX=209901 PE=3 SV=1
sp|P0DJ80|VKT22_CYRSC     -          pdb_kunitz_rp_formatted -            4.2e-18   61.1   3.0   5.1e-18   60.9   3.0   1.1   1   0   0   1   1   1   1 Kunitz-type U15-theraphotoxin-Hs1a OS=Cyriopagopus schmidti OX=29017 PE=3 SV=1
sp|B2ZBB8|VKT33_CYRSC     -          pdb_kunitz_rp_formatted -            4.2e-18   61.1   3.0   5.1e-18   60.9   3.0   1.1   1   0   0   1   1   1   1 Kunitz-type U15-theraphotoxin-Hs1a OS=Cyriopagopus schmidti OX=29017 PE=3 SV=1
sp|P0DJ78|VKT6_CYRSC      -          pdb_kunitz_rp_formatted -            4.2e-18   61.1   3.0   5.1e-18   60.9   3.0   1.1   1   0   0   1   1   1   1 Kunitz-type U15-theraphotoxin-Hs1a OS=Cyriopagopus schmidti OX=29017 PE=3 SV=1
sp|D2Y2C2|VKTA1_CYRHA     -          pdb_kunitz_rp_formatted -            7.5e-18   60.3   3.3   9.1e-18   60.1   3.3   1.1   1   0   0   1   1   1   1 Kunitz-type U15-theraphotoxin-Hhn1a OS=Cyriopagopus hainanus OX=209901 PE=3 SV=1
sp|P0DJ70|VKT53_CYRHA     -          pdb_kunitz_rp_formatted -            7.5e-18   60.3   3.3   9.1e-18   60.1   3.3   1.1   1   0   0   1   1   1   1 Kunitz-type U15-theraphotoxin-Hhn1a OS=Cyriopagopus hainanus OX=209901 PE=3 SV=1
sp|D2Y2F5|VKT4_CYRHA      -          pdb_kunitz_rp_formatted -              1e-17   59.9   4.2   1.3e-17   59.6   4.2   1.1   1   0   0   1   1   1   1 Kunitz-type U15-theraphotoxin-Hhn1d OS=Cyriopagopus hainanus OX=209901 PE=3 SV=1
sp|B2ZBB9|VKTG6_CYRSC     -          pdb_kunitz_rp_formatted -            1.6e-17   59.3   4.0     2e-17   59.0   4.0   1.1   1   0   0   1   1   1   1 Kunitz-type U15-theraphotoxin-Hs1b OS=Cyriopagopus schmidti OX=29017 PE=3 SV=1
sp|P0DJ64|VKT31_CYRHA     -          pdb_kunitz_rp_formatted -            3.7e-17   58.1   3.1   4.5e-17   57.8   3.1   1.1   1   0   0   1   1   1   1 U15-Kunitz-type theraphotoxin-Hhn1b OS=Cyriopagopus hainanus OX=209901 PE=3 SV=1
sp|Q2UY09|COSA1_HUMAN     -          pdb_kunitz_rp_formatted -            4.7e-17   57.8   6.5   9.4e-17   56.8   6.5   1.5   1   0   0   1   1   1   1 Collagen alpha-1(XXVIII) chain OS=Homo sapiens OX=9606 GN=COL28A1 PE=1 SV=2
sp|P0DJ73|VKT74_CYRHA     -          pdb_kunitz_rp_formatted -            5.2e-17   57.6   4.5   6.8e-17   57.3   4.5   1.1   1   0   0   1   1   1   1 Kunitz-type U15-theraphotoxin-Hhn1f OS=Cyriopagopus hainanus OX=209901 PE=3 SV=1
sp|D2Y2F9|VKTH1_CYRHA     -          pdb_kunitz_rp_formatted -            8.2e-17   57.0   3.5     1e-16   56.7   3.5   1.1   1   0   0   1   1   1   1 Kunitz-type U15-theraphotoxin-Hhn1h OS=Cyriopagopus hainanus OX=209901 PE=3 SV=1
sp|D2Y2G0|VKTI1_CYRHA     -          pdb_kunitz_rp_formatted -            1.5e-15   53.0   3.5   1.8e-15   52.7   3.5   1.1   1   0   0   1   1   1   1 Kunitz-type U15-theraphotoxin-Hhn1i OS=Cyriopagopus hainanus OX=209901 PE=3 SV=1
sp|I6VXS1|KUN2_RHIHE      -          pdb_kunitz_rp_formatted -            4.1e-14   48.3  12.7   8.7e-14   47.3   9.4   2.5   2   0   0   2   2   2   1 Anticoagulant protein rhipilin-2 OS=Rhipicephalus haemaphysaloides OX=237073 PE=2 SV=1
sp|Q8IUA0|WFDC8_HUMAN     -          pdb_kunitz_rp_formatted -            7.9e-14   47.5   8.8   7.9e-14   47.5   8.8   2.4   2   1   0   2   2   1   1 WAP four-disulfide core domain protein 8 OS=Homo sapiens OX=9606 GN=WFDC8 PE=1 SV=2
sp|P0CH75|VKT25_CYRHA     -          pdb_kunitz_rp_formatted -            7.9e-11   37.8   0.9   8.9e-11   37.7   0.9   1.1   1   0   0   1   1   1   1 Kunitz-type serine protease inhibitor hainantoxin F7-25.66 (Fragment) OS=Cyriopagopus hainanus OX=209901 PE=1 SV=1
sp|Q11101|YL15_CAEEL      -          pdb_kunitz_rp_formatted -              6e-07   25.4   6.6   1.4e-06   24.2   6.6   1.7   1   0   0   1   1   1   1 BPTI/Kunitz inhibitor domain-containing protein C02F12.5 OS=Caenorhabditis elegans OX=6239 GN=C02F12.5 PE=1 SV=3
sp|A0A1Q1NL17|HA11_HYAAI  -          pdb_kunitz_rp_formatted -            0.00016   17.7   5.3   0.00043   16.3   5.3   1.6   1   1   0   1   1   1   1 Kunitz-type anticoagulant protein HA11 OS=Hyalomma asiaticum OX=266040 GN=HA11 PE=2 SV=1
sp|Q8WPG5|KUNI_ORNKA      -          pdb_kunitz_rp_formatted -            0.00025   17.0   4.3     0.002   14.1   0.6   2.4   2   0   0   2   2   2   1 Thrombin inhibitor savignin OS=Ornithodoros kalahariensis OX=1580572 PE=1 SV=1
sp|D3GGZ8|BLI5_HAECO      -          pdb_kunitz_rp_formatted -             0.0096   12.0   0.3    0.0096   12.0   0.3   2.1   2   0   0   2   2   1   1 Kunitz-type protein bli-5 OS=Haemonchus contortus OX=6289 GN=bli-5 PE=3 SV=1
#
# Program:         hmmsearch
# Version:         3.3.2 (Nov 2020)
# Pipeline mode:   SEARCH
# Query file:      structural_model.hmm
# Target file:     pos_1.fasta
# Option settings: hmmsearch --tblout pos_1.out --max -Z 1000 structural_model.hmm pos_1.fasta 
# Current dir:     /home/sofia_natale/PROGETTO_LAB/LAB1_project/data
# Date:            Thu May  8 10:46:52 2025
# [ok]
